Archive member included to satisfy reference by file (symbol)

app/libapp.a(main.c.obj)      (--whole-archive)
zephyr/libzephyr.a(heap.c.obj)
                              (--whole-archive)
zephyr/libzephyr.a(cbprintf_packaged.c.obj)
                              (--whole-archive)
zephyr/libzephyr.a(clock.c.obj)
                              (--whole-archive)
zephyr/libzephyr.a(printk.c.obj)
                              (--whole-archive)
zephyr/libzephyr.a(sem.c.obj)
                              (--whole-archive)
zephyr/libzephyr.a(thread_entry.c.obj)
                              (--whole-archive)
zephyr/libzephyr.a(cbprintf_complete.c.obj)
                              (--whole-archive)
zephyr/libzephyr.a(assert.c.obj)
                              (--whole-archive)
zephyr/libzephyr.a(mpsc_pbuf.c.obj)
                              (--whole-archive)
zephyr/libzephyr.a(dec.c.obj)
                              (--whole-archive)
zephyr/libzephyr.a(hex.c.obj)
                              (--whole-archive)
zephyr/libzephyr.a(rb.c.obj)  (--whole-archive)
zephyr/libzephyr.a(timeutil.c.obj)
                              (--whole-archive)
zephyr/libzephyr.a(bitarray.c.obj)
                              (--whole-archive)
zephyr/libzephyr.a(onoff.c.obj)
                              (--whole-archive)
zephyr/libzephyr.a(notify.c.obj)
                              (--whole-archive)
zephyr/libzephyr.a(ring_buffer.c.obj)
                              (--whole-archive)
zephyr/libzephyr.a(last_section_id.c.obj)
                              (--whole-archive)
zephyr/libzephyr.a(configs.c.obj)
                              (--whole-archive)
zephyr/libzephyr.a(log_core.c.obj)
                              (--whole-archive)
zephyr/libzephyr.a(log_mgmt.c.obj)
                              (--whole-archive)
zephyr/libzephyr.a(log_cache.c.obj)
                              (--whole-archive)
zephyr/libzephyr.a(log_msg.c.obj)
                              (--whole-archive)
zephyr/libzephyr.a(log_output.c.obj)
                              (--whole-archive)
zephyr/libzephyr.a(log_backend_uart.c.obj)
                              (--whole-archive)
zephyr/libzephyr.a(mem_attr.c.obj)
                              (--whole-archive)
zephyr/libzephyr.a(tracing_none.c.obj)
                              (--whole-archive)
zephyr/arch/common/libarch__common.a(sw_isr_common.c.obj)
                              (--whole-archive)
zephyr/arch/arch/arm/core/libarch__arm__core.a(fatal.c.obj)
                              (--whole-archive)
zephyr/arch/arch/arm/core/libarch__arm__core.a(nmi.c.obj)
                              (--whole-archive)
zephyr/arch/arch/arm/core/libarch__arm__core.a(nmi_on_reset.S.obj)
                              (--whole-archive)
zephyr/arch/arch/arm/core/libarch__arm__core.a(tls.c.obj)
                              (--whole-archive)
zephyr/arch/arch/arm/core/cortex_m/libarch__arm__core__cortex_m.a(exc_exit.c.obj)
                              (--whole-archive)
zephyr/arch/arch/arm/core/cortex_m/libarch__arm__core__cortex_m.a(fault.c.obj)
                              (--whole-archive)
zephyr/arch/arch/arm/core/cortex_m/libarch__arm__core__cortex_m.a(fault_s.S.obj)
                              (--whole-archive)
zephyr/arch/arch/arm/core/cortex_m/libarch__arm__core__cortex_m.a(fpu.c.obj)
                              (--whole-archive)
zephyr/arch/arch/arm/core/cortex_m/libarch__arm__core__cortex_m.a(reset.S.obj)
                              (--whole-archive)
zephyr/arch/arch/arm/core/cortex_m/libarch__arm__core__cortex_m.a(scb.c.obj)
                              (--whole-archive)
zephyr/arch/arch/arm/core/cortex_m/libarch__arm__core__cortex_m.a(thread_abort.c.obj)
                              (--whole-archive)
zephyr/arch/arch/arm/core/cortex_m/libarch__arm__core__cortex_m.a(vector_table.S.obj)
                              (--whole-archive)
zephyr/arch/arch/arm/core/cortex_m/libarch__arm__core__cortex_m.a(swap_helper.S.obj)
                              (--whole-archive)
zephyr/arch/arch/arm/core/cortex_m/libarch__arm__core__cortex_m.a(irq_manage.c.obj)
                              (--whole-archive)
zephyr/arch/arch/arm/core/cortex_m/libarch__arm__core__cortex_m.a(prep_c.c.obj)
                              (--whole-archive)
zephyr/arch/arch/arm/core/cortex_m/libarch__arm__core__cortex_m.a(thread.c.obj)
                              (--whole-archive)
zephyr/arch/arch/arm/core/cortex_m/libarch__arm__core__cortex_m.a(cpu_idle.c.obj)
                              (--whole-archive)
zephyr/arch/arch/arm/core/cortex_m/libarch__arm__core__cortex_m.a(irq_init.c.obj)
                              (--whole-archive)
zephyr/arch/arch/arm/core/cortex_m/libarch__arm__core__cortex_m.a(isr_wrapper.c.obj)
                              (--whole-archive)
zephyr/arch/arch/arm/core/cortex_m/libarch__arm__core__cortex_m.a(__aeabi_read_tp.S.obj)
                              (--whole-archive)
[...]
Memory Configuration

Name             Origin             Length             Attributes
FLASH            0x0000000000000000 0x0000000000100000 xr
RAM              0x0000000020000000 0x0000000000040000 xw
IDT_LIST         0x00000000ffff7fff 0x0000000000008000 xw
*default*        0x0000000000000000 0xffffffffffffffff

Linker script and memory map

                0x0000000000006150                vfprintf = __l_vfprintf
                0x0000000000000000                vfscanf = __l_vfscanf
LOAD zephyr/CMakeFiles/zephyr_pre0.dir/misc/empty_file.c.obj
LOAD zephyr/CMakeFiles/offsets.dir/./arch/arm/core/offsets/offsets.c.obj
LOAD app/libapp.a
LOAD zephyr/libzephyr.a
LOAD zephyr/arch/common/libarch__common.a
LOAD zephyr/arch/arch/arm/core/libarch__arm__core.a
LOAD zephyr/arch/arch/arm/core/cortex_m/libarch__arm__core__cortex_m.a
LOAD zephyr/arch/arch/arm/core/mpu/libarch__arm__core__mpu.a
LOAD zephyr/lib/libc/picolibc/liblib__libc__picolibc.a
LOAD zephyr/lib/libc/common/liblib__libc__common.a
LOAD zephyr/soc/soc/nrf52840/libsoc__nordic.a
LOAD zephyr/drivers/clock_control/libdrivers__clock_control.a
LOAD zephyr/drivers/console/libdrivers__console.a
LOAD zephyr/drivers/gpio/libdrivers__gpio.a
LOAD zephyr/drivers/pinctrl/libdrivers__pinctrl.a
LOAD zephyr/drivers/serial/libdrivers__serial.a
LOAD zephyr/drivers/spi/libdrivers__spi.a
LOAD zephyr/drivers/timer/libdrivers__timer.a
LOAD modules/hal_nordic/nrfx/libmodules__hal_nordic__nrfx.a
LOAD modules/paw3395/drivers/paw3395/lib..__modules__paw3395__drivers__paw3395.a
LOAD zephyr/kernel/libkernel.a
LOAD zephyr/arch/common/libisr_tables.a
LOAD /home/zuhdalfan/zephyr-sdk-0.17.2/arm-zephyr-eabi/bin/../lib/gcc/../../picolibc/arm-zephyr-eabi/lib/thumb/v7e-m/nofp/libc.a
LOAD /home/zuhdalfan/zephyr-sdk-0.17.2/arm-zephyr-eabi/bin/../lib/gcc/arm-zephyr-eabi/12.2.0/thumb/v7e-m/nofp/libgcc.a
                0x0000000000000020                _region_min_align = 0x20

.rel.plt        0x0000000000000000        0x0
 *(SORT_BY_ALIGNMENT(.rel.plt))
                [!provide]                        PROVIDE (__rel_iplt_start = .)
 *(SORT_BY_ALIGNMENT(.rel.iplt))
 .rel.iplt      0x0000000000000000        0x0 app/libapp.a(main.c.obj)
                [!provide]                        PROVIDE (__rel_iplt_end = .)

.rela.plt       0x0000000000000000        0x0
 *(SORT_BY_ALIGNMENT(.rela.plt))
                [!provide]                        PROVIDE (__rela_iplt_start = .)
 *(SORT_BY_ALIGNMENT(.rela.iplt))
                [!provide]                        PROVIDE (__rela_iplt_end = .)

.rel.dyn
 *(SORT_BY_ALIGNMENT(.rel.*))

.rela.dyn
 *(SORT_BY_ALIGNMENT(.rela.*))

/DISCARD/
 *(SORT_BY_ALIGNMENT(.plt))

/DISCARD/
 *(SORT_BY_ALIGNMENT(.iplt))
                0x0000000000000000                __rom_region_start = 0x0

rom_start       0x0000000000000000      0x100
                0x0000000000000000                __rom_start_address = .
 FILL mask 0x00
                0x0000000000000000                . = (. + (0x0 - (. - __rom_start_address)))
                0x0000000000000000                . = ALIGN (0x4)
                0x0000000000000000                . = ALIGN (0x80)
                0x0000000000000000                . = ALIGN (0x100)
                0x0000000000000000                _vector_start = .
 *(SORT_BY_ALIGNMENT(.exc_vector_table))
 *(SORT_BY_ALIGNMENT(.exc_vector_table.*))
 .exc_vector_table._vector_table_section
                0x0000000000000000       0x40 zephyr/arch/arch/arm/core/cortex_m/libarch__arm__core__cortex_m.a(vector_table.S.obj)
                0x0000000000000000                _vector_table
 *(SORT_BY_ALIGNMENT(.vectors))
                0x0000000000000100                _vector_end = .
                0x0000000000000040                . = ALIGN (0x4)
 *(SORT_BY_ALIGNMENT(.gnu.linkonce.irq_vector_table*))
 .gnu.linkonce.irq_vector_table
                0x0000000000000040       0xc0 zephyr/arch/common/libisr_tables.a(isr_tables.c.obj)
                0x0000000000000040                _irq_vector_table
                0x0000000000000100                _vector_end = .

text            0x0000000000000100     0x7db4
                0x0000000000000100                __text_region_start = .
 *(SORT_BY_ALIGNMENT(.text))
 .text          0x0000000000000100       0x30 /home/zuhdalfan/zephyr-sdk-0.17.2/arm-zephyr-eabi/bin/../lib/gcc/arm-zephyr-eabi/12.2.0/thumb/v7e-m/nofp/libgcc.a(_aeabi_uldivmod.o)
                0x0000000000000100                __aeabi_uldivmod
 .text          0x0000000000000130        0x4 /home/zuhdalfan/zephyr-sdk-0.17.2/arm-zephyr-eabi/bin/../lib/gcc/arm-zephyr-eabi/12.2.0/thumb/v7e-m/nofp/libgcc.a(_dvmd_tls.o)
                0x0000000000000130                __aeabi_ldiv0
                0x0000000000000130                __aeabi_idiv0
 .text          0x0000000000000134       0x10 /home/zuhdalfan/zephyr-sdk-0.17.2/arm-zephyr-eabi/bin/../lib/gcc/../../picolibc/arm-zephyr-eabi/lib/thumb/v7e-m/nofp/libc.a(strlen.S.o)
                0x0000000000000134                strlen
 .text          0x0000000000000144      0x2a0 /home/zuhdalfan/zephyr-sdk-0.17.2/arm-zephyr-eabi/bin/../lib/gcc/arm-zephyr-eabi/12.2.0/thumb/v7e-m/nofp/libgcc.a(_udivmoddi4.o)
                0x0000000000000144                __udivmoddi4
 *(SORT_BY_ALIGNMENT(.text.*))
 .text.cbvprintf_package
                0x00000000000003e4      0x3a4 zephyr/libzephyr.a(cbprintf_packaged.c.obj)
                0x00000000000003e4                cbvprintf_package
 .text.cbprintf_package_convert
                0x0000000000000788      0x3cc zephyr/libzephyr.a(cbprintf_packaged.c.obj)
                0x0000000000000788                cbprintf_package_convert
 .text.__printk_hook_install
                0x0000000000000b54        0xc zephyr/libzephyr.a(printk.c.obj)
                0x0000000000000b54                __printk_hook_install
 .text.z_thread_entry
                0x0000000000000b60       0x34 zephyr/libzephyr.a(thread_entry.c.obj)
                0x0000000000000b60                z_thread_entry
 .text.process_event
                0x0000000000000b94      0x21c zephyr/libzephyr.a(onoff.c.obj)
 .text.activate_foreach_backend
                0x0000000000000db0       0x64 zephyr/libzephyr.a(log_core.c.obj)
 .text.enable_logger
                0x0000000000000e14       0x5c zephyr/libzephyr.a(log_core.c.obj)
 .text.log_process_thread_timer_expiry_fn
                0x0000000000000e70        0xc zephyr/libzephyr.a(log_core.c.obj)
 .text.z_log_init
                0x0000000000000e7c       0x98 zephyr/libzephyr.a(log_core.c.obj)
 .text.log_format_func_t_get
                0x0000000000000f14        0xc zephyr/libzephyr.a(log_core.c.obj)
                0x0000000000000f14                log_format_func_t_get
 .text.log_set_timestamp_func
                0x0000000000000f20       0x20 zephyr/libzephyr.a(log_core.c.obj)
                0x0000000000000f20                log_set_timestamp_func
 .text.z_log_notify_backend_enabled
                0x0000000000000f40       0x1c zephyr/libzephyr.a(log_core.c.obj)
                0x0000000000000f40                z_log_notify_backend_enabled
 .text.z_log_dropped
                0x0000000000000f5c       0x44 zephyr/libzephyr.a(log_core.c.obj)
                0x0000000000000f5c                z_log_dropped
 .text.z_log_dropped_read_and_clear
                0x0000000000000fa0       0x20 zephyr/libzephyr.a(log_core.c.obj)
                0x0000000000000fa0                z_log_dropped_read_and_clear
 .text.dropped_notify
                0x0000000000000fc0       0x30 zephyr/libzephyr.a(log_core.c.obj)
                0x0000000000000fc0                dropped_notify
 .text.z_log_msg_init
                0x0000000000000ff0       0x20 zephyr/libzephyr.a(log_core.c.obj)
                0x0000000000000ff0                z_log_msg_init
 .text.log_core_init
                0x0000000000001010       0x50 zephyr/libzephyr.a(log_core.c.obj)
                0x0000000000001010                log_core_init
 .text.z_log_msg_alloc
                0x0000000000001060       0x10 zephyr/libzephyr.a(log_core.c.obj)
                0x0000000000001060                z_log_msg_alloc
 .text.z_log_msg_local_claim
                0x0000000000001070        0xc zephyr/libzephyr.a(log_core.c.obj)
                0x0000000000001070                z_log_msg_local_claim
 .text.z_log_msg_free
                0x000000000000107c       0x10 zephyr/libzephyr.a(log_core.c.obj)
                0x000000000000107c                z_log_msg_free
 .text.z_log_msg_pending
                0x000000000000108c        0xc zephyr/libzephyr.a(log_core.c.obj)
                0x000000000000108c                z_log_msg_pending
 .text.z_impl_log_process
                0x0000000000001098       0xc0 zephyr/libzephyr.a(log_core.c.obj)
                0x0000000000001098                z_impl_log_process
 .text.z_impl_log_panic
                0x0000000000001158       0x44 zephyr/libzephyr.a(log_core.c.obj)
                0x0000000000001158                z_impl_log_panic
 .text.log_process_thread_func
                0x000000000000119c       0xa4 zephyr/libzephyr.a(log_core.c.obj)
 .text.z_log_msg_post_finalize
                0x0000000000001240       0x78 zephyr/libzephyr.a(log_core.c.obj)
 .text.z_log_msg_commit
                0x00000000000012b8       0x24 zephyr/libzephyr.a(log_core.c.obj)
                0x00000000000012b8                z_log_msg_commit
 .text.log_source_name_get
                0x00000000000012dc       0x1c zephyr/libzephyr.a(log_mgmt.c.obj)
                0x00000000000012dc                log_source_name_get
 .text.z_impl_z_log_msg_static_create
                0x00000000000012f8      0x108 zephyr/libzephyr.a(log_msg.c.obj)
                0x00000000000012f8                z_impl_z_log_msg_static_create
 .text.z_log_msg_runtime_vcreate
                0x0000000000001400       0xa0 zephyr/libzephyr.a(log_msg.c.obj)
                0x0000000000001400                z_log_msg_runtime_vcreate
 .text.log_msg_get_source_id
                0x00000000000014a0       0x18 zephyr/libzephyr.a(log_msg.c.obj)
                0x00000000000014a0                log_msg_get_source_id
 .text.print_formatted
                0x00000000000014b8       0x24 zephyr/libzephyr.a(log_output.c.obj)
 .text.newline_print
                0x00000000000014dc       0x1c zephyr/libzephyr.a(log_output.c.obj)
 .text.log_output_process
                0x00000000000014f8      0x2d4 zephyr/libzephyr.a(log_output.c.obj)
                0x00000000000014f8                log_output_process
 .text.log_output_dropped_process
                0x00000000000017cc       0x58 zephyr/libzephyr.a(log_output.c.obj)
                0x00000000000017cc                log_output_dropped_process
 .text.log_output_timestamp_freq_set
                0x0000000000001824       0x2c zephyr/libzephyr.a(log_output.c.obj)
                0x0000000000001824                log_output_timestamp_freq_set
 .text.char_out
                0x0000000000001850       0x24 zephyr/libzephyr.a(log_backend_uart.c.obj)
 .text.mem_attr_get_regions
                0x0000000000001874        0xc zephyr/libzephyr.a(mem_attr.c.obj)
                0x0000000000001874                mem_attr_get_regions
 .text.z_arm_fatal_error
                0x0000000000001880       0xb8 zephyr/arch/arch/arm/core/libarch__arm__core.a(fatal.c.obj)
                0x0000000000001880                z_arm_fatal_error
 .text.z_SysNmiOnReset
                0x0000000000001938        0x8 zephyr/arch/arch/arm/core/libarch__arm__core.a(nmi_on_reset.S.obj)
                0x0000000000001938                z_SysNmiOnReset
 .text.arch_tls_stack_setup
                0x0000000000001940       0x40 zephyr/arch/arch/arm/core/libarch__arm__core.a(tls.c.obj)
                0x0000000000001940                arch_tls_stack_setup
 .text._HandlerModeExit
                0x0000000000001980       0x20 zephyr/arch/arch/arm/core/cortex_m/libarch__arm__core__cortex_m.a(exc_exit.c.obj)
                0x0000000000001980                z_arm_exc_exit
                0x0000000000001980                z_arm_int_exit
 .text.bus_fault.constprop.0
                0x00000000000019a0       0xd0 zephyr/arch/arch/arm/core/cortex_m/libarch__arm__core__cortex_m.a(fault.c.obj)
 .text.usage_fault.constprop.0
                0x0000000000001a70       0xa8 zephyr/arch/arch/arm/core/cortex_m/libarch__arm__core__cortex_m.a(fault.c.obj)
 .text.mem_manage_fault
                0x0000000000001b18      0x104 zephyr/arch/arch/arm/core/cortex_m/libarch__arm__core__cortex_m.a(fault.c.obj)
 .text.z_arm_fault
                0x0000000000001c1c      0x1d4 zephyr/arch/arch/arm/core/cortex_m/libarch__arm__core__cortex_m.a(fault.c.obj)
                0x0000000000001c1c                z_arm_fault
 .text.z_arm_fault_init
                0x0000000000001df0       0x18 zephyr/arch/arch/arm/core/cortex_m/libarch__arm__core__cortex_m.a(fault.c.obj)
                0x0000000000001df0                z_arm_fault_init
 .text.__fault  0x0000000000001e08       0x14 zephyr/arch/arch/arm/core/cortex_m/libarch__arm__core__cortex_m.a(fault_s.S.obj)
                0x0000000000001e08                z_arm_bus_fault
                0x0000000000001e08                z_arm_usage_fault
                0x0000000000001e08                z_arm_mpu_fault
                0x0000000000001e08                z_arm_exc_spurious
                0x0000000000001e08                z_arm_debug_monitor
                0x0000000000001e08                z_arm_hard_fault
 .text._reset_section
                0x0000000000001e1c       0x38 zephyr/arch/arch/arm/core/cortex_m/libarch__arm__core__cortex_m.a(reset.S.obj)
                0x0000000000001e1c                z_arm_reset
                0x0000000000001e1c                __start
 .text.z_impl_k_thread_abort
                0x0000000000001e54       0x2c zephyr/arch/arch/arm/core/cortex_m/libarch__arm__core__cortex_m.a(thread_abort.c.obj)
                0x0000000000001e54                z_impl_k_thread_abort
 .text.z_arm_pendsv
                0x0000000000001e80       0x60 zephyr/arch/arch/arm/core/cortex_m/libarch__arm__core__cortex_m.a(swap_helper.S.obj)
                0x0000000000001e80                z_arm_pendsv
 .text.z_arm_svc
                0x0000000000001ee0       0x24 zephyr/arch/arch/arm/core/cortex_m/libarch__arm__core__cortex_m.a(swap_helper.S.obj)
                0x0000000000001ee0                z_arm_svc
 .text.arm_irq_enable
                0x0000000000001f04       0x1c zephyr/arch/arch/arm/core/cortex_m/libarch__arm__core__cortex_m.a(irq_manage.c.obj)
                0x0000000000001f04                arm_irq_enable
 .text.arm_irq_disable
                0x0000000000001f20       0x28 zephyr/arch/arch/arm/core/cortex_m/libarch__arm__core__cortex_m.a(irq_manage.c.obj)
                0x0000000000001f20                arm_irq_disable
 .text.arm_irq_is_enabled
                0x0000000000001f48       0x1c zephyr/arch/arch/arm/core/cortex_m/libarch__arm__core__cortex_m.a(irq_manage.c.obj)
                0x0000000000001f48                arm_irq_is_enabled
 .text.arm_irq_priority_set
                0x0000000000001f64       0x30 zephyr/arch/arch/arm/core/cortex_m/libarch__arm__core__cortex_m.a(irq_manage.c.obj)
                0x0000000000001f64                arm_irq_priority_set
 .text.relocate_vector_table
                0x0000000000001f94       0x1c zephyr/arch/arch/arm/core/cortex_m/libarch__arm__core__cortex_m.a(prep_c.c.obj)
                0x0000000000001f94                relocate_vector_table
 .text.z_prep_c
                0x0000000000001fb0       0x38 zephyr/arch/arch/arm/core/cortex_m/libarch__arm__core__cortex_m.a(prep_c.c.obj)
                0x0000000000001fb0                z_prep_c
 .text.arch_new_thread
                0x0000000000001fe8       0x38 zephyr/arch/arch/arm/core/cortex_m/libarch__arm__core__cortex_m.a(thread.c.obj)
                0x0000000000001fe8                arch_new_thread
 .text.z_check_thread_stack_fail
                0x0000000000002020       0x2c zephyr/arch/arch/arm/core/cortex_m/libarch__arm__core__cortex_m.a(thread.c.obj)
                0x0000000000002020                z_check_thread_stack_fail
 .text.arch_switch_to_main_thread
                0x000000000000204c       0x3c zephyr/arch/arch/arm/core/cortex_m/libarch__arm__core__cortex_m.a(thread.c.obj)
                0x000000000000204c                arch_switch_to_main_thread
 .text.z_arm_cpu_idle_init
                0x0000000000002088        0xc zephyr/arch/arch/arm/core/cortex_m/libarch__arm__core__cortex_m.a(cpu_idle.c.obj)
                0x0000000000002088                z_arm_cpu_idle_init
 .text.z_arm_interrupt_init
                0x0000000000002094       0x18 zephyr/arch/arch/arm/core/cortex_m/libarch__arm__core__cortex_m.a(irq_init.c.obj)
                0x0000000000002094                z_arm_interrupt_init
 .text._isr_wrapper
                0x00000000000020ac       0x24 zephyr/arch/arch/arm/core/cortex_m/libarch__arm__core__cortex_m.a(isr_wrapper.c.obj)
                0x00000000000020ac                _isr_wrapper
 .text.z_arm_configure_static_mpu_regions
                0x00000000000020d0       0x18 zephyr/arch/arch/arm/core/mpu/libarch__arm__core__mpu.a(arm_core_mpu.c.obj)
                0x00000000000020d0                z_arm_configure_static_mpu_regions
 .text.z_arm_configure_dynamic_mpu_regions
                0x00000000000020e8       0x20 zephyr/arch/arch/arm/core/mpu/libarch__arm__core__mpu.a(arm_core_mpu.c.obj)
                0x00000000000020e8                z_arm_configure_dynamic_mpu_regions
 .text.region_allocate_and_init
                0x0000000000002108       0x54 zephyr/arch/arch/arm/core/mpu/libarch__arm__core__mpu.a(arm_mpu.c.obj)
 .text.mpu_configure_regions
                0x000000000000215c       0x68 zephyr/arch/arch/arm/core/mpu/libarch__arm__core__mpu.a(arm_mpu.c.obj)
 .text.arm_core_mpu_enable
                0x00000000000021c4       0x18 zephyr/arch/arch/arm/core/mpu/libarch__arm__core__mpu.a(arm_mpu.c.obj)
                0x00000000000021c4                arm_core_mpu_enable
 .text.arm_core_mpu_disable
                0x00000000000021dc       0x14 zephyr/arch/arch/arm/core/mpu/libarch__arm__core__mpu.a(arm_mpu.c.obj)
                0x00000000000021dc                arm_core_mpu_disable
 .text.arm_core_mpu_configure_static_mpu_regions
                0x00000000000021f0       0x14 zephyr/arch/arch/arm/core/mpu/libarch__arm__core__mpu.a(arm_mpu.c.obj)
                0x00000000000021f0                arm_core_mpu_configure_static_mpu_regions
 .text.arm_core_mpu_configure_dynamic_mpu_regions
                0x0000000000002204       0x38 zephyr/arch/arch/arm/core/mpu/libarch__arm__core__mpu.a(arm_mpu.c.obj)
                0x0000000000002204                arm_core_mpu_configure_dynamic_mpu_regions
 .text.z_arm_mpu_init
                0x000000000000223c      0x17c zephyr/arch/arch/arm/core/mpu/libarch__arm__core__mpu.a(arm_mpu.c.obj)
                0x000000000000223c                z_arm_mpu_init
 .text.cbvprintf
                0x00000000000023b8       0x38 zephyr/lib/libc/picolibc/liblib__libc__picolibc.a(cbprintf.c.obj)
                0x00000000000023b8                cbvprintf
 .text.z_impl_zephyr_fputc
                0x00000000000023f0       0x10 zephyr/lib/libc/picolibc/liblib__libc__picolibc.a(stdio.c.obj)
                0x00000000000023f0                z_impl_zephyr_fputc
 .text.__stdout_hook_install
                0x0000000000002400       0x18 zephyr/lib/libc/picolibc/liblib__libc__picolibc.a(stdio.c.obj)
                0x0000000000002400                __stdout_hook_install
 .text.malloc_prepare
                0x0000000000002418       0x24 zephyr/lib/libc/common/liblib__libc__common.a(malloc.c.obj)
 .text.nordicsemi_nrf52_init
                0x000000000000243c       0x44 zephyr/soc/soc/nrf52840/libsoc__nordic.a(soc.c.obj)
 .text.arch_busy_wait
                0x0000000000002480       0x14 zephyr/soc/soc/nrf52840/libsoc__nordic.a(soc.c.obj)
                0x0000000000002480                arch_busy_wait
 .text.onoff_stop
                0x0000000000002494       0x30 zephyr/drivers/clock_control/libdrivers__clock_control.a(clock_control_nrf.c.obj)
 .text.onoff_start
                0x00000000000024c4       0x44 zephyr/drivers/clock_control/libdrivers__clock_control.a(clock_control_nrf.c.obj)
 .text.generic_hfclk_stop
                0x0000000000002508       0x34 zephyr/drivers/clock_control/libdrivers__clock_control.a(clock_control_nrf.c.obj)
 .text.clk_init
                0x000000000000253c       0x58 zephyr/drivers/clock_control/libdrivers__clock_control.a(clock_control_nrf.c.obj)
 .text.api_blocking_start
                0x0000000000002594       0x34 zephyr/drivers/clock_control/libdrivers__clock_control.a(clock_control_nrf.c.obj)
 .text.clkstarted_handle.constprop.0
                0x00000000000025c8       0x4c zephyr/drivers/clock_control/libdrivers__clock_control.a(clock_control_nrf.c.obj)
 .text.generic_hfclk_start
                0x0000000000002614       0x78 zephyr/drivers/clock_control/libdrivers__clock_control.a(clock_control_nrf.c.obj)
 .text.clock_event_handler
                0x000000000000268c       0x1c zephyr/drivers/clock_control/libdrivers__clock_control.a(clock_control_nrf.c.obj)
 .text.z_nrf_clock_control_lf_on
                0x00000000000026a8       0xfc zephyr/drivers/clock_control/libdrivers__clock_control.a(clock_control_nrf.c.obj)
                0x00000000000026a8                z_nrf_clock_control_lf_on
 .text.uart_console_init
                0x00000000000027a4       0x28 zephyr/drivers/console/libdrivers__console.a(uart_console.c.obj)
 .text.console_out
                0x00000000000027cc       0x28 zephyr/drivers/console/libdrivers__console.a(uart_console.c.obj)
 .text.gpio_nrfx_pin_interrupt_configure
                0x00000000000027f4      0x11c zephyr/drivers/gpio/libdrivers__gpio.a(gpio_nrfx.c.obj)
 .text.nrfx_gpio_handler
                0x0000000000002910       0x4c zephyr/drivers/gpio/libdrivers__gpio.a(gpio_nrfx.c.obj)
 .text.gpio_nrfx_init
                0x000000000000295c       0x48 zephyr/drivers/gpio/libdrivers__gpio.a(gpio_nrfx.c.obj)
 .text.gpio_nrfx_pin_configure
                0x00000000000029a4      0x18c zephyr/drivers/gpio/libdrivers__gpio.a(gpio_nrfx.c.obj)
 .text.nrf_gpio_pin_port_decode
                0x0000000000002b30       0x20 zephyr/drivers/pinctrl/libdrivers__pinctrl.a(pinctrl_nrf.c.obj)
 .text.pinctrl_configure_pins
                0x0000000000002b50      0x1a4 zephyr/drivers/pinctrl/libdrivers__pinctrl.a(pinctrl_nrf.c.obj)
                0x0000000000002b50                pinctrl_configure_pins
 .text.uarte_nrfx_poll_out
                0x0000000000002cf4       0xb4 zephyr/drivers/serial/libdrivers__serial.a(uart_nrfx_uarte.c.obj)
 .text.uarte_0_init
                0x0000000000002da8      0x11c zephyr/drivers/serial/libdrivers__serial.a(uart_nrfx_uarte.c.obj)
 .text.spi_nrfx_init
                0x0000000000002ec4      0x114 zephyr/drivers/spi/libdrivers__spi.a(spi_nrfx_spim.c.obj)
 .text.transfer_next_chunk
                0x0000000000002fd8       0xd0 zephyr/drivers/spi/libdrivers__spi.a(spi_nrfx_spim.c.obj)
 .text.event_handler
                0x00000000000030a8       0xd4 zephyr/drivers/spi/libdrivers__spi.a(spi_nrfx_spim.c.obj)
 .text.spi_nrfx_transceive
                0x000000000000317c      0x3f0 zephyr/drivers/spi/libdrivers__spi.a(spi_nrfx_spim.c.obj)
 .text.nrf_gpio_cfg_input
                0x000000000000356c       0x40 zephyr/drivers/spi/libdrivers__spi.a(spi_nrfx_common.c.obj)
 .text.spi_nrfx_wake_init
                0x00000000000035ac       0x60 zephyr/drivers/spi/libdrivers__spi.a(spi_nrfx_common.c.obj)
                0x00000000000035ac                spi_nrfx_wake_init
 .text.compare_int_lock
                0x000000000000360c       0x48 zephyr/drivers/timer/libdrivers__timer.a(nrf_rtc_timer.c.obj)
 .text.sys_clock_timeout_handler
                0x0000000000003654       0x48 zephyr/drivers/timer/libdrivers__timer.a(nrf_rtc_timer.c.obj)
 .text.compare_int_unlock
                0x000000000000369c       0x5c zephyr/drivers/timer/libdrivers__timer.a(nrf_rtc_timer.c.obj)
 .text.z_nrf_rtc_timer_read
                0x00000000000036f8       0x44 zephyr/drivers/timer/libdrivers__timer.a(nrf_rtc_timer.c.obj)
                0x00000000000036f8                z_nrf_rtc_timer_read
 .text.compare_set
                0x000000000000373c      0x130 zephyr/drivers/timer/libdrivers__timer.a(nrf_rtc_timer.c.obj)
 .text.sys_clock_driver_init
                0x000000000000386c       0x90 zephyr/drivers/timer/libdrivers__timer.a(nrf_rtc_timer.c.obj)
 .text.rtc_nrf_isr
                0x00000000000038fc       0xd4 zephyr/drivers/timer/libdrivers__timer.a(nrf_rtc_timer.c.obj)
                0x00000000000038fc                rtc_nrf_isr
 .text.sys_clock_set_timeout
                0x00000000000039d0       0x5c zephyr/drivers/timer/libdrivers__timer.a(nrf_rtc_timer.c.obj)
                0x00000000000039d0                sys_clock_set_timeout
 .text.sys_clock_elapsed
                0x0000000000003a2c       0x14 zephyr/drivers/timer/libdrivers__timer.a(nrf_rtc_timer.c.obj)
                0x0000000000003a2c                sys_clock_elapsed
 .text.nrf52_errata_98
                0x0000000000003a40       0x24 modules/hal_nordic/nrfx/libmodules__hal_nordic__nrfx.a(system_nrf52840.c.obj)
 .text.nvmc_wait
                0x0000000000003a64       0x10 modules/hal_nordic/nrfx/libmodules__hal_nordic__nrfx.a(system_nrf52840.c.obj)
                0x0000000000003a64                nvmc_wait
 .text.SystemInit
                0x0000000000003a74      0x1bc modules/hal_nordic/nrfx/libmodules__hal_nordic__nrfx.a(system_nrf52840.c.obj)
                0x0000000000003a74                SystemInit
 .text.nrfx_flag32_alloc
                0x0000000000003c30       0x48 modules/hal_nordic/nrfx/libmodules__hal_nordic__nrfx.a(nrfx_flag32_allocator.c.obj)
                0x0000000000003c30                nrfx_flag32_alloc
 .text.nrfx_flag32_free
                0x0000000000003c78       0x40 modules/hal_nordic/nrfx/libmodules__hal_nordic__nrfx.a(nrfx_flag32_allocator.c.obj)
                0x0000000000003c78                nrfx_flag32_free
 .text.nrfx_gppi_channels_enable
                0x0000000000003cb8        0xc modules/hal_nordic/nrfx/libmodules__hal_nordic__nrfx.a(nrfx_gppi_ppi.c.obj)
                0x0000000000003cb8                nrfx_gppi_channels_enable
 .text.clock_stop
                0x0000000000003cc4       0xc4 modules/hal_nordic/nrfx/libmodules__hal_nordic__nrfx.a(nrfx_clock.c.obj)
 .text.nrfx_clock_init
                0x0000000000003d88       0x20 modules/hal_nordic/nrfx/libmodules__hal_nordic__nrfx.a(nrfx_clock.c.obj)
                0x0000000000003d88                nrfx_clock_init
 .text.nrfx_clock_enable
                0x0000000000003da8       0x24 modules/hal_nordic/nrfx/libmodules__hal_nordic__nrfx.a(nrfx_clock.c.obj)
                0x0000000000003da8                nrfx_clock_enable
 .text.nrfx_clock_start
                0x0000000000003dcc       0xa8 modules/hal_nordic/nrfx/libmodules__hal_nordic__nrfx.a(nrfx_clock.c.obj)
                0x0000000000003dcc                nrfx_clock_start
 .text.nrfx_power_clock_irq_handler
                0x0000000000003e74       0x7c modules/hal_nordic/nrfx/libmodules__hal_nordic__nrfx.a(nrfx_clock.c.obj)
                0x0000000000003e74                nrfx_power_clock_irq_handler
 .text.nrf_gpio_pin_port_decode
                0x0000000000003ef0       0x20 modules/hal_nordic/nrfx/libmodules__hal_nordic__nrfx.a(nrfx_gpiote.c.obj)
 .text.get_pin_idx
                0x0000000000003f10       0x14 modules/hal_nordic/nrfx/libmodules__hal_nordic__nrfx.a(nrfx_gpiote.c.obj)
 .text.call_handler.constprop.0
                0x0000000000003f24       0x40 modules/hal_nordic/nrfx/libmodules__hal_nordic__nrfx.a(nrfx_gpiote.c.obj)
 .text.pin_te_get.constprop.0
                0x0000000000003f64       0x18 modules/hal_nordic/nrfx/libmodules__hal_nordic__nrfx.a(nrfx_gpiote.c.obj)
 .text.pin_is_output.constprop.0
                0x0000000000003f7c       0x18 modules/hal_nordic/nrfx/libmodules__hal_nordic__nrfx.a(nrfx_gpiote.c.obj)
 .text.pin_in_use_by_te.constprop.0
                0x0000000000003f94       0x18 modules/hal_nordic/nrfx/libmodules__hal_nordic__nrfx.a(nrfx_gpiote.c.obj)
 .text.latch_pending_read_and_check
                0x0000000000003fac       0x40 modules/hal_nordic/nrfx/libmodules__hal_nordic__nrfx.a(nrfx_gpiote.c.obj)
 .text.release_handler.isra.0
                0x0000000000003fec       0x58 modules/hal_nordic/nrfx/libmodules__hal_nordic__nrfx.a(nrfx_gpiote.c.obj)
 .text.__nrfy_internal_gpiote_events_process.constprop.0
                0x0000000000004044       0x5c modules/hal_nordic/nrfx/libmodules__hal_nordic__nrfx.a(nrfx_gpiote.c.obj)
 .text.pin_uninit
                0x00000000000040a0       0x80 modules/hal_nordic/nrfx/libmodules__hal_nordic__nrfx.a(nrfx_gpiote.c.obj)
 .text.nrfx_gpiote_input_configure
                0x0000000000004120      0x174 modules/hal_nordic/nrfx/libmodules__hal_nordic__nrfx.a(nrfx_gpiote.c.obj)
                0x0000000000004120                nrfx_gpiote_input_configure
 .text.nrfx_gpiote_output_configure
                0x0000000000004294       0xfc modules/hal_nordic/nrfx/libmodules__hal_nordic__nrfx.a(nrfx_gpiote.c.obj)
                0x0000000000004294                nrfx_gpiote_output_configure
 .text.nrfx_gpiote_global_callback_set
                0x0000000000004390        0xc modules/hal_nordic/nrfx/libmodules__hal_nordic__nrfx.a(nrfx_gpiote.c.obj)
                0x0000000000004390                nrfx_gpiote_global_callback_set
 .text.nrfx_gpiote_channel_get
                0x000000000000439c       0x34 modules/hal_nordic/nrfx/libmodules__hal_nordic__nrfx.a(nrfx_gpiote.c.obj)
                0x000000000000439c                nrfx_gpiote_channel_get
 .text.nrfx_gpiote_init
                0x00000000000043d0       0x68 modules/hal_nordic/nrfx/libmodules__hal_nordic__nrfx.a(nrfx_gpiote.c.obj)
                0x00000000000043d0                nrfx_gpiote_init
 .text.nrfx_gpiote_init_check
                0x0000000000004438       0x14 modules/hal_nordic/nrfx/libmodules__hal_nordic__nrfx.a(nrfx_gpiote.c.obj)
                0x0000000000004438                nrfx_gpiote_init_check
 .text.nrfx_gpiote_channel_free
                0x000000000000444c        0xc modules/hal_nordic/nrfx/libmodules__hal_nordic__nrfx.a(nrfx_gpiote.c.obj)
                0x000000000000444c                nrfx_gpiote_channel_free
 .text.nrfx_gpiote_channel_alloc
                0x0000000000004458        0xc modules/hal_nordic/nrfx/libmodules__hal_nordic__nrfx.a(nrfx_gpiote.c.obj)
                0x0000000000004458                nrfx_gpiote_channel_alloc
 .text.nrfx_gpiote_trigger_enable
                0x0000000000004464       0xb0 modules/hal_nordic/nrfx/libmodules__hal_nordic__nrfx.a(nrfx_gpiote.c.obj)
                0x0000000000004464                nrfx_gpiote_trigger_enable
 .text.nrfx_gpiote_0_irq_handler
                0x0000000000004514      0x1bc modules/hal_nordic/nrfx/libmodules__hal_nordic__nrfx.a(nrfx_gpiote.c.obj)
                0x0000000000004514                nrfx_gpiote_0_irq_handler
 .text.nrfx_ppi_channel_alloc
                0x00000000000046d0        0xc modules/hal_nordic/nrfx/libmodules__hal_nordic__nrfx.a(nrfx_ppi.c.obj)
                0x00000000000046d0                nrfx_ppi_channel_alloc
 .text.nrf_gpio_pin_port_decode
                0x00000000000046dc       0x20 modules/hal_nordic/nrfx/libmodules__hal_nordic__nrfx.a(nrfx_spim.c.obj)
 .text.spim_abort
                0x00000000000046fc       0x74 modules/hal_nordic/nrfx/libmodules__hal_nordic__nrfx.a(nrfx_spim.c.obj)
 .text.pin_init
                0x0000000000004770       0x50 modules/hal_nordic/nrfx/libmodules__hal_nordic__nrfx.a(nrfx_spim.c.obj)
 .text.spim_configuration_verify
                0x00000000000047c0       0x94 modules/hal_nordic/nrfx/libmodules__hal_nordic__nrfx.a(nrfx_spim.c.obj)
 .text.spim_configure
                0x0000000000004854      0x240 modules/hal_nordic/nrfx/libmodules__hal_nordic__nrfx.a(nrfx_spim.c.obj)
 .text.spim_pin_uninit
                0x0000000000004a94       0x30 modules/hal_nordic/nrfx/libmodules__hal_nordic__nrfx.a(nrfx_spim.c.obj)
 .text.irq_handler
                0x0000000000004ac4       0x64 modules/hal_nordic/nrfx/libmodules__hal_nordic__nrfx.a(nrfx_spim.c.obj)
 .text.nrfx_spim_init
                0x0000000000004b28       0x68 modules/hal_nordic/nrfx/libmodules__hal_nordic__nrfx.a(nrfx_spim.c.obj)
                0x0000000000004b28                nrfx_spim_init
 .text.nrfx_spim_uninit
                0x0000000000004b90       0xa0 modules/hal_nordic/nrfx/libmodules__hal_nordic__nrfx.a(nrfx_spim.c.obj)
                0x0000000000004b90                nrfx_spim_uninit
 .text.nrfx_spim_xfer
                0x0000000000004c30      0x1d4 modules/hal_nordic/nrfx/libmodules__hal_nordic__nrfx.a(nrfx_spim.c.obj)
                0x0000000000004c30                nrfx_spim_xfer
 .text.nrfx_spim_1_irq_handler
                0x0000000000004e04       0x10 modules/hal_nordic/nrfx/libmodules__hal_nordic__nrfx.a(nrfx_spim.c.obj)
                0x0000000000004e04                nrfx_spim_1_irq_handler
 .text.nrfx_spim_3_irq_handler
                0x0000000000004e14       0x10 modules/hal_nordic/nrfx/libmodules__hal_nordic__nrfx.a(nrfx_spim.c.obj)
                0x0000000000004e14                nrfx_spim_3_irq_handler
 .text.paw3395_init
                0x0000000000004e24      0x290 modules/paw3395/drivers/paw3395/lib..__modules__paw3395__drivers__paw3395.a(paw3395.c.obj)
 .text.k_sys_fatal_error_handler
                0x00000000000050b4       0x20 zephyr/kernel/libkernel.a(fatal.c.obj)
                0x00000000000050b4                k_sys_fatal_error_handler
 .text.z_fatal_error
                0x00000000000050d4       0xe8 zephyr/kernel/libkernel.a(fatal.c.obj)
                0x00000000000050d4                z_fatal_error
 .text.z_sys_init_run_level
                0x00000000000051bc       0x48 zephyr/kernel/libkernel.a(init.c.obj)
 .text.bg_thread_main
                0x0000000000005204       0xc0 zephyr/kernel/libkernel.a(init.c.obj)
 .text.z_bss_zero
                0x00000000000052c4       0x18 zephyr/kernel/libkernel.a(init.c.obj)
                0x00000000000052c4                z_bss_zero
 .text.z_init_cpu
                0x00000000000052dc       0x70 zephyr/kernel/libkernel.a(init.c.obj)
                0x00000000000052dc                z_init_cpu
 .text.z_cstart
                0x000000000000534c       0xd4 zephyr/kernel/libkernel.a(init.c.obj)
                0x000000000000534c                z_cstart
 .text.z_impl_k_sem_give
                0x0000000000005420       0x68 zephyr/kernel/libkernel.a(sem.c.obj)
                0x0000000000005420                z_impl_k_sem_give
 .text.z_impl_k_sem_take
                0x0000000000005488       0x4c zephyr/kernel/libkernel.a(sem.c.obj)
                0x0000000000005488                z_impl_k_sem_take
 .text.z_impl_k_sem_reset
                0x00000000000054d4       0x74 zephyr/kernel/libkernel.a(sem.c.obj)
                0x00000000000054d4                z_impl_k_sem_reset
 .text.z_setup_new_thread
                0x0000000000005548       0x98 zephyr/kernel/libkernel.a(thread.c.obj)
                0x0000000000005548                z_setup_new_thread
 .text.z_impl_k_thread_create
                0x00000000000055e0       0x58 zephyr/kernel/libkernel.a(thread.c.obj)
                0x00000000000055e0                z_impl_k_thread_create
 .text.z_dummy_thread_init
                0x0000000000005638       0x18 zephyr/kernel/libkernel.a(thread.c.obj)
                0x0000000000005638                z_dummy_thread_init
 .text.z_swap_irqlock
                0x0000000000005650       0x30 zephyr/kernel/libkernel.a(sched.c.obj)
 .text.ready_thread
                0x0000000000005680       0x84 zephyr/kernel/libkernel.a(sched.c.obj)
 .text.unready_thread
                0x0000000000005704       0x54 zephyr/kernel/libkernel.a(sched.c.obj)
 .text.add_thread_timeout
                0x0000000000005758       0x1c zephyr/kernel/libkernel.a(sched.c.obj)
 .text.move_thread_to_end_of_prio_q
                0x0000000000005774       0x90 zephyr/kernel/libkernel.a(sched.c.obj)
                0x0000000000005774                move_thread_to_end_of_prio_q
 .text.z_pend_curr
                0x0000000000005804       0x44 zephyr/kernel/libkernel.a(sched.c.obj)
                0x0000000000005804                z_pend_curr
 .text.z_reschedule
                0x0000000000005848       0x24 zephyr/kernel/libkernel.a(sched.c.obj)
                0x0000000000005848                z_reschedule
 .text.z_reschedule_irqlock
                0x000000000000586c       0x28 zephyr/kernel/libkernel.a(sched.c.obj)
                0x000000000000586c                z_reschedule_irqlock
 .text.k_sched_lock
                0x0000000000005894       0x28 zephyr/kernel/libkernel.a(sched.c.obj)
                0x0000000000005894                k_sched_lock
 .text.k_sched_unlock
                0x00000000000058bc       0x68 zephyr/kernel/libkernel.a(sched.c.obj)
                0x00000000000058bc                k_sched_unlock
 .text.z_sched_init
                0x0000000000005924       0x10 zephyr/kernel/libkernel.a(sched.c.obj)
                0x0000000000005924                z_sched_init
 .text.z_impl_k_yield
                0x0000000000005934       0x88 zephyr/kernel/libkernel.a(sched.c.obj)
                0x0000000000005934                z_impl_k_yield
 .text.z_tick_sleep
                0x00000000000059bc       0x78 zephyr/kernel/libkernel.a(sched.c.obj)
 .text.z_impl_k_wakeup
                0x0000000000005a34       0x48 zephyr/kernel/libkernel.a(sched.c.obj)
                0x0000000000005a34                z_impl_k_wakeup
 .text.z_impl_k_sched_current_thread_query
                0x0000000000005a7c        0xc zephyr/kernel/libkernel.a(sched.c.obj)
                0x0000000000005a7c                z_impl_k_sched_current_thread_query
 .text.z_thread_abort
                0x0000000000005a88      0x138 zephyr/kernel/libkernel.a(sched.c.obj)
                0x0000000000005a88                z_thread_abort
 .text.slice_timeout
                0x0000000000005bc0       0x20 zephyr/kernel/libkernel.a(timeslicing.c.obj)
 .text.thread_is_sliceable
                0x0000000000005be0       0x3c zephyr/kernel/libkernel.a(timeslicing.c.obj)
                0x0000000000005be0                thread_is_sliceable
 .text.z_reset_time_slice
                0x0000000000005c1c       0x50 zephyr/kernel/libkernel.a(timeslicing.c.obj)
                0x0000000000005c1c                z_reset_time_slice
 .text.z_time_slice
                0x0000000000005c6c       0x60 zephyr/kernel/libkernel.a(timeslicing.c.obj)
                0x0000000000005c6c                z_time_slice
 .text.z_data_copy
                0x0000000000005ccc       0x38 zephyr/kernel/libkernel.a(xip.c.obj)
                0x0000000000005ccc                z_data_copy
 .text.first    0x0000000000005d04       0x10 zephyr/kernel/libkernel.a(timeout.c.obj)
 .text.elapsed  0x0000000000005d14       0x14 zephyr/kernel/libkernel.a(timeout.c.obj)
 .text.remove_timeout
                0x0000000000005d28       0x38 zephyr/kernel/libkernel.a(timeout.c.obj)
 .text.z_add_timeout
                0x0000000000005d60      0x120 zephyr/kernel/libkernel.a(timeout.c.obj)
                0x0000000000005d60                z_add_timeout
 .text.sys_clock_announce
                0x0000000000005e80       0xc0 zephyr/kernel/libkernel.a(timeout.c.obj)
                0x0000000000005e80                sys_clock_announce
 .text.sys_clock_tick_get
                0x0000000000005f40       0x30 zephyr/kernel/libkernel.a(timeout.c.obj)
                0x0000000000005f40                sys_clock_tick_get
 .text.z_timer_expiration_handler
                0x0000000000005f70      0x110 zephyr/kernel/libkernel.a(timer.c.obj)
                0x0000000000005f70                z_timer_expiration_handler
 .text.z_impl_k_timer_start
                0x0000000000006080       0x70 zephyr/kernel/libkernel.a(timer.c.obj)
                0x0000000000006080                z_impl_k_timer_start
 .text.boot_banner
                0x00000000000060f0        0xc zephyr/kernel/libkernel.a(banner.c.obj)
                0x00000000000060f0                boot_banner
 .text.snprintf
                0x00000000000060fc       0x54 /home/zuhdalfan/zephyr-sdk-0.17.2/arm-zephyr-eabi/bin/../lib/gcc/../../picolibc/arm-zephyr-eabi/lib/thumb/v7e-m/nofp/libc.a(libc_tinystdio_snprintf.c.o)
                0x00000000000060fc                snprintf
 .text.__l_vfprintf
                0x0000000000006150      0x4b8 /home/zuhdalfan/zephyr-sdk-0.17.2/arm-zephyr-eabi/bin/../lib/gcc/../../picolibc/arm-zephyr-eabi/lib/thumb/v7e-m/nofp/libc.a(libc_tinystdio_vflprintf.c.o)
                0x0000000000006150                __l_vfprintf
 .text._OffsetAbsSyms
                0x0000000000006608        0x2 zephyr/CMakeFiles/offsets.dir/./arch/arm/core/offsets/offsets.c.obj
                0x0000000000006608                _OffsetAbsSyms
 .text.main     0x000000000000660a        0xe app/libapp.a(main.c.obj)
                0x000000000000660a                main
 .text.chunk_size
                0x0000000000006618        0xa zephyr/libzephyr.a(heap.c.obj)
 .text.free_list_add
                0x0000000000006622       0x4e zephyr/libzephyr.a(heap.c.obj)
 .text.sys_heap_init
                0x0000000000006670       0x7a zephyr/libzephyr.a(heap.c.obj)
                0x0000000000006670                sys_heap_init
 .text.cbpprintf_external
                0x00000000000066ea       0x62 zephyr/libzephyr.a(cbprintf_packaged.c.obj)
                0x00000000000066ea                cbpprintf_external
 .text.is_ptr   0x000000000000674c       0x4a zephyr/libzephyr.a(cbprintf_packaged.c.obj)
                0x000000000000674c                is_ptr
 .text.arch_printk_char_out
                0x0000000000006796        0x4 zephyr/libzephyr.a(printk.c.obj)
                0x0000000000006796                arch_printk_char_out
 .text.printk   0x000000000000679a       0x1a zephyr/libzephyr.a(printk.c.obj)
                0x000000000000679a                printk
 .text.free_space
                0x00000000000067b4       0x26 zephyr/libzephyr.a(mpsc_pbuf.c.obj)
 .text.get_usage
                0x00000000000067da       0x22 zephyr/libzephyr.a(mpsc_pbuf.c.obj)
 .text.idx_inc  0x00000000000067fc       0x1c zephyr/libzephyr.a(mpsc_pbuf.c.obj)
 .text.rd_idx_inc
                0x0000000000006818       0x18 zephyr/libzephyr.a(mpsc_pbuf.c.obj)
 .text.add_skip_item
                0x0000000000006830       0x3a zephyr/libzephyr.a(mpsc_pbuf.c.obj)
 .text.drop_item_locked
                0x000000000000686a      0x100 zephyr/libzephyr.a(mpsc_pbuf.c.obj)
 .text.post_drop_action
                0x000000000000696a       0x36 zephyr/libzephyr.a(mpsc_pbuf.c.obj)
 .text.max_utilization_update
                0x00000000000069a0       0x1a zephyr/libzephyr.a(mpsc_pbuf.c.obj)
 .text.mpsc_pbuf_init
                0x00000000000069ba       0x42 zephyr/libzephyr.a(mpsc_pbuf.c.obj)
                0x00000000000069ba                mpsc_pbuf_init
 .text.mpsc_pbuf_alloc
                0x00000000000069fc       0xfe zephyr/libzephyr.a(mpsc_pbuf.c.obj)
                0x00000000000069fc                mpsc_pbuf_alloc
 .text.mpsc_pbuf_commit
                0x0000000000006afa       0x3e zephyr/libzephyr.a(mpsc_pbuf.c.obj)
                0x0000000000006afa                mpsc_pbuf_commit
 .text.mpsc_pbuf_claim
                0x0000000000006b38       0xa8 zephyr/libzephyr.a(mpsc_pbuf.c.obj)
                0x0000000000006b38                mpsc_pbuf_claim
 .text.mpsc_pbuf_free
                0x0000000000006be0       0x76 zephyr/libzephyr.a(mpsc_pbuf.c.obj)
                0x0000000000006be0                mpsc_pbuf_free
 .text.mpsc_pbuf_is_pending
                0x0000000000006c56       0x32 zephyr/libzephyr.a(mpsc_pbuf.c.obj)
                0x0000000000006c56                mpsc_pbuf_is_pending
 .text.process_recheck
                0x0000000000006c88       0x38 zephyr/libzephyr.a(onoff.c.obj)
 .text.validate_args
                0x0000000000006cc0       0x20 zephyr/libzephyr.a(onoff.c.obj)
 .text.notify_one
                0x0000000000006ce0       0x2c zephyr/libzephyr.a(onoff.c.obj)
 .text.transition_complete
                0x0000000000006d0c       0x1a zephyr/libzephyr.a(onoff.c.obj)
 .text.onoff_manager_init
                0x0000000000006d26       0x26 zephyr/libzephyr.a(onoff.c.obj)
                0x0000000000006d26                onoff_manager_init
 .text.onoff_request
                0x0000000000006d4c       0xae zephyr/libzephyr.a(onoff.c.obj)
                0x0000000000006d4c                onoff_request
 .text.sys_notify_validate
                0x0000000000006dfa       0x22 zephyr/libzephyr.a(notify.c.obj)
                0x0000000000006dfa                sys_notify_validate
 .text.sys_notify_finalize
                0x0000000000006e1c       0x1a zephyr/libzephyr.a(notify.c.obj)
                0x0000000000006e1c                sys_notify_finalize
 .text._ConfigAbsSyms
                0x0000000000006e36        0x2 zephyr/libzephyr.a(configs.c.obj)
                0x0000000000006e36                _ConfigAbsSyms
 .text.log_msg_generic_get_wlen
                0x0000000000006e38       0x20 zephyr/libzephyr.a(log_core.c.obj)
 .text.dummy_timestamp
                0x0000000000006e58        0x4 zephyr/libzephyr.a(log_core.c.obj)
 .text.default_get_timestamp
                0x0000000000006e5c        0x4 zephyr/libzephyr.a(log_core.c.obj)
 .text.atomic_inc
                0x0000000000006e60       0x1a zephyr/libzephyr.a(log_core.c.obj)
 .text.z_log_vprintk
                0x0000000000006e7a       0x1c zephyr/libzephyr.a(log_core.c.obj)
                0x0000000000006e7a                z_log_vprintk
 .text.z_log_notify_drop
                0x0000000000006e96        0x6 zephyr/libzephyr.a(log_core.c.obj)
 .text.z_log_get_tag
                0x0000000000006e9c        0x4 zephyr/libzephyr.a(log_core.c.obj)
                0x0000000000006e9c                z_log_get_tag
 .text.log_backend_enable
                0x0000000000006ea0       0x12 zephyr/libzephyr.a(log_mgmt.c.obj)
                0x0000000000006ea0                log_backend_enable
 .text.z_cbprintf_cpy
                0x0000000000006eb2       0x2e zephyr/libzephyr.a(log_msg.c.obj)
 .text.z_log_msg_finalize
                0x0000000000006ee0       0x32 zephyr/libzephyr.a(log_msg.c.obj)
                0x0000000000006ee0                z_log_msg_finalize
 .text.z_log_msg_simple_create
                0x0000000000006f12       0x6e zephyr/libzephyr.a(log_msg.c.obj)
 .text.z_impl_z_log_msg_simple_create_0
                0x0000000000006f80       0x12 zephyr/libzephyr.a(log_msg.c.obj)
                0x0000000000006f80                z_impl_z_log_msg_simple_create_0
 .text.z_impl_z_log_msg_simple_create_1
                0x0000000000006f92       0x14 zephyr/libzephyr.a(log_msg.c.obj)
                0x0000000000006f92                z_impl_z_log_msg_simple_create_1
 .text.log_output_write
                0x0000000000006fa6       0x1c zephyr/libzephyr.a(log_output.c.obj)
 .text.log_output_flush
                0x0000000000006fc2       0x1a zephyr/libzephyr.a(log_output.c.obj)
 .text.out_func
                0x0000000000006fdc       0x36 zephyr/libzephyr.a(log_output.c.obj)
 .text.cr_out_func
                0x0000000000007012       0x1c zephyr/libzephyr.a(log_output.c.obj)
 .text.log_output_msg_process
                0x000000000000702e       0x6a zephyr/libzephyr.a(log_output.c.obj)
                0x000000000000702e                log_output_msg_process
 .text.format_set
                0x0000000000007098        0xc zephyr/libzephyr.a(log_backend_uart.c.obj)
 .text.log_backend_uart_init
                0x00000000000070a4        0xc zephyr/libzephyr.a(log_backend_uart.c.obj)
 .text.panic    0x00000000000070b0       0x32 zephyr/libzephyr.a(log_backend_uart.c.obj)
 .text.dropped  0x00000000000070e2        0xa zephyr/libzephyr.a(log_backend_uart.c.obj)
 .text.process  0x00000000000070ec       0x1e zephyr/libzephyr.a(log_backend_uart.c.obj)
 .text.z_do_kernel_oops
                0x000000000000710a        0x8 zephyr/arch/arch/arm/core/libarch__arm__core.a(fatal.c.obj)
                0x000000000000710a                z_do_kernel_oops
 .text.z_arm_nmi
                0x0000000000007112        0xe zephyr/arch/arch/arm/core/libarch__arm__core.a(nmi.c.obj)
                0x0000000000007112                z_arm_nmi
 .text.z_log_msg_simple_create_0.constprop.0
                0x0000000000007120        0x8 zephyr/arch/arch/arm/core/cortex_m/libarch__arm__core__cortex_m.a(fault.c.obj)
 .text.z_irq_spurious
                0x0000000000007128        0x8 zephyr/arch/arch/arm/core/cortex_m/libarch__arm__core__cortex_m.a(irq_manage.c.obj)
                0x0000000000007128                z_irq_spurious
 .text.arch_irq_unlock_outlined
                0x0000000000007130        0xe zephyr/arch/arch/arm/core/cortex_m/libarch__arm__core__cortex_m.a(thread.c.obj)
                0x0000000000007130                arch_irq_unlock_outlined
 .text.arch_cpu_idle
                0x000000000000713e       0x1a zephyr/arch/arch/arm/core/cortex_m/libarch__arm__core__cortex_m.a(cpu_idle.c.obj)
                0x000000000000713e                arch_cpu_idle
 .text.arch_cpu_atomic_idle
                0x0000000000007158       0x1e zephyr/arch/arch/arm/core/cortex_m/libarch__arm__core__cortex_m.a(cpu_idle.c.obj)
                0x0000000000007158                arch_cpu_atomic_idle
 .text.size_to_mpu_rasr_size
                0x0000000000007176       0x20 zephyr/arch/arch/arm/core/mpu/libarch__arm__core__mpu.a(arm_mpu.c.obj)
 .text.cbputc   0x0000000000007196        0xc zephyr/lib/libc/picolibc/liblib__libc__picolibc.a(cbprintf.c.obj)
 .text.picolibc_put
                0x00000000000071a2        0xa zephyr/lib/libc/picolibc/liblib__libc__picolibc.a(stdio.c.obj)
 .text.get_status
                0x00000000000071ac       0x12 zephyr/drivers/clock_control/libdrivers__clock_control.a(clock_control_nrf.c.obj)
 .text.stop     0x00000000000071be       0x50 zephyr/drivers/clock_control/libdrivers__clock_control.a(clock_control_nrf.c.obj)
 .text.api_stop
                0x000000000000720e        0x6 zephyr/drivers/clock_control/libdrivers__clock_control.a(clock_control_nrf.c.obj)
 .text.async_start
                0x0000000000007214       0x5a zephyr/drivers/clock_control/libdrivers__clock_control.a(clock_control_nrf.c.obj)
 .text.api_start
                0x000000000000726e        0xe zephyr/drivers/clock_control/libdrivers__clock_control.a(clock_control_nrf.c.obj)
 .text.onoff_started_callback
                0x000000000000727c       0x12 zephyr/drivers/clock_control/libdrivers__clock_control.a(clock_control_nrf.c.obj)
 .text.lfclk_start
                0x000000000000728e        0x6 zephyr/drivers/clock_control/libdrivers__clock_control.a(clock_control_nrf.c.obj)
 .text.lfclk_stop
                0x0000000000007294        0x6 zephyr/drivers/clock_control/libdrivers__clock_control.a(clock_control_nrf.c.obj)
 .text.blocking_start_callback
                0x000000000000729a        0x6 zephyr/drivers/clock_control/libdrivers__clock_control.a(clock_control_nrf.c.obj)
 .text.gpio_nrfx_port_get_raw
                0x00000000000072a0        0xe zephyr/drivers/gpio/libdrivers__gpio.a(gpio_nrfx.c.obj)
 .text.gpio_nrfx_port_set_masked_raw
                0x00000000000072ae       0x18 zephyr/drivers/gpio/libdrivers__gpio.a(gpio_nrfx.c.obj)
 .text.gpio_nrfx_port_set_bits_raw
                0x00000000000072c6        0xc zephyr/drivers/gpio/libdrivers__gpio.a(gpio_nrfx.c.obj)
 .text.gpio_nrfx_port_clear_bits_raw
                0x00000000000072d2        0xc zephyr/drivers/gpio/libdrivers__gpio.a(gpio_nrfx.c.obj)
 .text.gpio_nrfx_port_toggle_bits
                0x00000000000072de       0x1a zephyr/drivers/gpio/libdrivers__gpio.a(gpio_nrfx.c.obj)
 .text.gpio_nrfx_manage_callback
                0x00000000000072f8       0x52 zephyr/drivers/gpio/libdrivers__gpio.a(gpio_nrfx.c.obj)
 .text.pinctrl_lookup_state
                0x000000000000734a       0x26 zephyr/drivers/pinctrl/libdrivers__pinctrl.a(common.c.obj)
                0x000000000000734a                pinctrl_lookup_state
 .text.uarte_nrfx_err_check
                0x0000000000007370        0xe zephyr/drivers/serial/libdrivers__serial.a(uart_nrfx_uarte.c.obj)
 .text.uarte_nrfx_poll_in
                0x000000000000737e       0x26 zephyr/drivers/serial/libdrivers__serial.a(uart_nrfx_uarte.c.obj)
 .text.is_tx_ready.isra.0
                0x00000000000073a4       0x20 zephyr/drivers/serial/libdrivers__serial.a(uart_nrfx_uarte.c.obj)
 .text.uarte_nrfx_isr_int
                0x00000000000073c4       0x42 zephyr/drivers/serial/libdrivers__serial.a(uart_nrfx_uarte.c.obj)
 .text.z_log_msg_simple_create_0
                0x0000000000007406        0x4 zephyr/drivers/spi/libdrivers__spi.a(spi_nrfx_spim.c.obj)
 .text.irq_connect1
                0x000000000000740a        0xa zephyr/drivers/spi/libdrivers__spi.a(spi_nrfx_spim.c.obj)
 .text.irq_connect3
                0x0000000000007414        0xa zephyr/drivers/spi/libdrivers__spi.a(spi_nrfx_spim.c.obj)
 .text.spi_context_get_next_buf.constprop.0
                0x000000000000741e       0x26 zephyr/drivers/spi/libdrivers__spi.a(spi_nrfx_spim.c.obj)
 .text.pinctrl_apply_state
                0x0000000000007444       0x1e zephyr/drivers/spi/libdrivers__spi.a(spi_nrfx_spim.c.obj)
 .text.gpio_pin_set_dt.isra.0
                0x0000000000007462       0x28 zephyr/drivers/spi/libdrivers__spi.a(spi_nrfx_spim.c.obj)
 .text.spi_nrfx_deinit
                0x000000000000748a       0x24 zephyr/drivers/spi/libdrivers__spi.a(spi_nrfx_spim.c.obj)
 .text._spi_context_cs_control
                0x00000000000074ae       0x40 zephyr/drivers/spi/libdrivers__spi.a(spi_nrfx_spim.c.obj)
 .text.spi_context_unlock_unconditionally
                0x00000000000074ee       0x20 zephyr/drivers/spi/libdrivers__spi.a(spi_nrfx_spim.c.obj)
 .text.spi_nrfx_release
                0x000000000000750e       0x24 zephyr/drivers/spi/libdrivers__spi.a(spi_nrfx_spim.c.obj)
 .text.finish_transaction
                0x0000000000007532       0x22 zephyr/drivers/spi/libdrivers__spi.a(spi_nrfx_spim.c.obj)
 .text.spi_nrfx_wake_request
                0x0000000000007554       0x50 zephyr/drivers/spi/libdrivers__spi.a(spi_nrfx_common.c.obj)
                0x0000000000007554                spi_nrfx_wake_request
 .text.event_clear
                0x00000000000075a4       0x18 zephyr/drivers/timer/libdrivers__timer.a(nrf_rtc_timer.c.obj)
 .text.sys_clock_cycle_get_32
                0x00000000000075bc        0x8 zephyr/drivers/timer/libdrivers__timer.a(nrf_rtc_timer.c.obj)
                0x00000000000075bc                sys_clock_cycle_get_32
 .text.nrfx_isr
                0x00000000000075c4        0x2 modules/hal_nordic/nrfx/libmodules__hal_nordic__nrfx.a(nrfx_glue.c.obj)
                0x00000000000075c4                nrfx_isr
 .text.nrfx_busy_wait
                0x00000000000075c6        0x4 modules/hal_nordic/nrfx/libmodules__hal_nordic__nrfx.a(nrfx_glue.c.obj)
                0x00000000000075c6                nrfx_busy_wait
 .text.nrfx_gppi_channel_endpoints_setup
                0x00000000000075ca       0x14 modules/hal_nordic/nrfx/libmodules__hal_nordic__nrfx.a(nrfx_gppi_ppi.c.obj)
                0x00000000000075ca                nrfx_gppi_channel_endpoints_setup
 .text.nrfx_gppi_channel_alloc
                0x00000000000075de        0x4 modules/hal_nordic/nrfx/libmodules__hal_nordic__nrfx.a(nrfx_gppi_ppi.c.obj)
                0x00000000000075de                nrfx_gppi_channel_alloc
 .text.nrfx_clock_stop
                0x00000000000075e2        0x4 modules/hal_nordic/nrfx/libmodules__hal_nordic__nrfx.a(nrfx_clock.c.obj)
                0x00000000000075e2                nrfx_clock_stop
 .text.nrf_gpio_reconfigure
                0x00000000000075e6       0x92 modules/hal_nordic/nrfx/libmodules__hal_nordic__nrfx.a(nrfx_gpiote.c.obj)
 .text.nrf_gpio_cfg_sense_set
                0x0000000000007678       0x1e modules/hal_nordic/nrfx/libmodules__hal_nordic__nrfx.a(nrfx_gpiote.c.obj)
 .text.pin_in_event_get.isra.0
                0x0000000000007696       0x22 modules/hal_nordic/nrfx/libmodules__hal_nordic__nrfx.a(nrfx_gpiote.c.obj)
 .text.pin_trigger_disable
                0x00000000000076b8       0x48 modules/hal_nordic/nrfx/libmodules__hal_nordic__nrfx.a(nrfx_gpiote.c.obj)
 .text.nrfx_gpiote_pin_uninit
                0x0000000000007700        0x4 modules/hal_nordic/nrfx/libmodules__hal_nordic__nrfx.a(nrfx_gpiote.c.obj)
                0x0000000000007700                nrfx_gpiote_pin_uninit
 .text.nrfx_gpiote_trigger_disable
                0x0000000000007704        0x4 modules/hal_nordic/nrfx/libmodules__hal_nordic__nrfx.a(nrfx_gpiote.c.obj)
                0x0000000000007704                nrfx_gpiote_trigger_disable
 .text.nrfx_gpiote_in_event_get
                0x0000000000007708        0x6 modules/hal_nordic/nrfx/libmodules__hal_nordic__nrfx.a(nrfx_gpiote.c.obj)
                0x0000000000007708                nrfx_gpiote_in_event_get
 .text.__nrfy_internal_spim_event_handle
                0x000000000000770e       0x2a modules/hal_nordic/nrfx/libmodules__hal_nordic__nrfx.a(nrfx_spim.c.obj)
 .text.__nrfy_internal_spim_events_process
                0x0000000000007738       0x7c modules/hal_nordic/nrfx/libmodules__hal_nordic__nrfx.a(nrfx_spim.c.obj)
 .text.nrf_gpio_pin_set
                0x00000000000077b4       0x1a modules/hal_nordic/nrfx/libmodules__hal_nordic__nrfx.a(nrfx_spim.c.obj)
 .text.nrf_gpio_pin_clear
                0x00000000000077ce       0x1a modules/hal_nordic/nrfx/libmodules__hal_nordic__nrfx.a(nrfx_spim.c.obj)
 .text.spi_transceive
                0x00000000000077e8        0xc modules/paw3395/drivers/paw3395/lib..__modules__paw3395__drivers__paw3395.a(paw3395.c.obj)
 .text.paw3395_channel_get
                0x00000000000077f4       0x2e modules/paw3395/drivers/paw3395/lib..__modules__paw3395__drivers__paw3395.a(paw3395.c.obj)
 .text.paw3395_irq_callback
                0x0000000000007822       0x10 modules/paw3395/drivers/paw3395/lib..__modules__paw3395__drivers__paw3395.a(paw3395.c.obj)
 .text.paw3395_sample_fetch
                0x0000000000007832       0x66 modules/paw3395/drivers/paw3395/lib..__modules__paw3395__drivers__paw3395.a(paw3395.c.obj)
 .text.paw3395_spi_read.isra.0
                0x0000000000007898       0x48 modules/paw3395/drivers/paw3395/lib..__modules__paw3395__drivers__paw3395.a(paw3395.c.obj)
 .text.k_msleep.isra.0
                0x00000000000078e0       0x20 modules/paw3395/drivers/paw3395/lib..__modules__paw3395__drivers__paw3395.a(paw3395.c.obj)
 .text.paw3395_spi_write.isra.0
                0x0000000000007900       0x32 modules/paw3395/drivers/paw3395/lib..__modules__paw3395__drivers__paw3395.a(paw3395.c.obj)
 .text.paw3395_set_cpi
                0x0000000000007932       0x56 modules/paw3395/drivers/paw3395/lib..__modules__paw3395__drivers__paw3395.a(paw3395.c.obj)
 .text.paw3395_attr_set
                0x0000000000007988       0x92 modules/paw3395/drivers/paw3395/lib..__modules__paw3395__drivers__paw3395.a(paw3395.c.obj)
 .text.paw3395_trigger_set
                0x0000000000007a1a       0x98 modules/paw3395/drivers/paw3395/lib..__modules__paw3395__drivers__paw3395.a(paw3395.c.obj)
 .text.z_impl_k_busy_wait
                0x0000000000007ab2        0x8 zephyr/kernel/libkernel.a(busy_wait.c.obj)
                0x0000000000007ab2                z_impl_k_busy_wait
 .text.z_device_state_init
                0x0000000000007aba        0x2 zephyr/kernel/libkernel.a(device.c.obj)
                0x0000000000007aba                z_device_state_init
 .text.z_impl_device_is_ready
                0x0000000000007abc       0x16 zephyr/kernel/libkernel.a(device.c.obj)
                0x0000000000007abc                z_impl_device_is_ready
 .text.arch_system_halt
                0x0000000000007ad2       0x10 zephyr/kernel/libkernel.a(fatal.c.obj)
                0x0000000000007ad2                arch_system_halt
 .text.do_device_init
                0x0000000000007ae2       0x2e zephyr/kernel/libkernel.a(init.c.obj)
 .text.z_early_memset
                0x0000000000007b10        0x4 zephyr/kernel/libkernel.a(init.c.obj)
                0x0000000000007b10                z_early_memset
 .text.z_early_memcpy
                0x0000000000007b14        0x4 zephyr/kernel/libkernel.a(init.c.obj)
                0x0000000000007b14                z_early_memcpy
 .text.idle     0x0000000000007b18       0x16 zephyr/kernel/libkernel.a(idle.c.obj)
                0x0000000000007b18                idle
 .text.z_impl_k_sem_init
                0x0000000000007b2e       0x18 zephyr/kernel/libkernel.a(sem.c.obj)
                0x0000000000007b2e                z_impl_k_sem_init
 .text.k_is_in_isr
                0x0000000000007b46        0xc zephyr/kernel/libkernel.a(thread.c.obj)
                0x0000000000007b46                k_is_in_isr
 .text.z_impl_k_thread_name_set
                0x0000000000007b52        0x6 zephyr/kernel/libkernel.a(thread.c.obj)
                0x0000000000007b52                z_impl_k_thread_name_set
 .text.k_thread_name_get
                0x0000000000007b58        0x4 zephyr/kernel/libkernel.a(thread.c.obj)
                0x0000000000007b58                k_thread_name_get
 .text.sys_dlist_remove
                0x0000000000007b5c       0x10 zephyr/kernel/libkernel.a(sched.c.obj)
 .text.unpend_thread_no_timeout
                0x0000000000007b6c       0x14 zephyr/kernel/libkernel.a(sched.c.obj)
 .text.add_to_waitq_locked
                0x0000000000007b80       0x50 zephyr/kernel/libkernel.a(sched.c.obj)
 .text.z_ready_thread
                0x0000000000007bd0       0x1e zephyr/kernel/libkernel.a(sched.c.obj)
                0x0000000000007bd0                z_ready_thread
 .text.z_unpend_thread_no_timeout
                0x0000000000007bee       0x22 zephyr/kernel/libkernel.a(sched.c.obj)
                0x0000000000007bee                z_unpend_thread_no_timeout
 .text.z_sched_wake_thread
                0x0000000000007c10       0x3a zephyr/kernel/libkernel.a(sched.c.obj)
                0x0000000000007c10                z_sched_wake_thread
 .text.z_thread_timeout
                0x0000000000007c4a        0x8 zephyr/kernel/libkernel.a(sched.c.obj)
                0x0000000000007c4a                z_thread_timeout
 .text.z_unpend1_no_timeout
                0x0000000000007c52       0x2c zephyr/kernel/libkernel.a(sched.c.obj)
                0x0000000000007c52                z_unpend1_no_timeout
 .text.z_impl_k_sleep
                0x0000000000007c7e       0x4e zephyr/kernel/libkernel.a(sched.c.obj)
                0x0000000000007c7e                z_impl_k_sleep
 .text.next_timeout
                0x0000000000007ccc       0x2e zephyr/kernel/libkernel.a(timeout.c.obj)
 .text.z_abort_timeout
                0x0000000000007cfa       0x50 zephyr/kernel/libkernel.a(timeout.c.obj)
                0x0000000000007cfa                z_abort_timeout
 .text.sys_clock_tick_get_32
                0x0000000000007d4a        0x8 zephyr/kernel/libkernel.a(timeout.c.obj)
                0x0000000000007d4a                sys_clock_tick_get_32
 .text.z_impl_k_uptime_ticks
                0x0000000000007d52        0x4 zephyr/kernel/libkernel.a(timeout.c.obj)
                0x0000000000007d52                z_impl_k_uptime_ticks
 .text.k_timer_init
                0x0000000000007d56       0x18 zephyr/kernel/libkernel.a(timer.c.obj)
                0x0000000000007d56                k_timer_init
 .text.z_impl_k_timer_stop
                0x0000000000007d6e       0x38 zephyr/kernel/libkernel.a(timer.c.obj)
                0x0000000000007d6e                z_impl_k_timer_stop
 .text.memcpy   0x0000000000007da6       0x1c /home/zuhdalfan/zephyr-sdk-0.17.2/arm-zephyr-eabi/bin/../lib/gcc/../../picolibc/arm-zephyr-eabi/lib/thumb/v7e-m/nofp/libc.a(memcpy.c.o)
                0x0000000000007da6                memcpy
                0x0000000000007da6                __aeabi_memcpy
                0x0000000000007da6                __aeabi_memcpy4
                0x0000000000007da6                __aeabi_memcpy8
 .text.memset   0x0000000000007dc2       0x10 /home/zuhdalfan/zephyr-sdk-0.17.2/arm-zephyr-eabi/bin/../lib/gcc/../../picolibc/arm-zephyr-eabi/lib/thumb/v7e-m/nofp/libc.a(memset.c.o)
                0x0000000000007dc2                memset
 .text.strnlen  0x0000000000007dd2       0x18 /home/zuhdalfan/zephyr-sdk-0.17.2/arm-zephyr-eabi/bin/../lib/gcc/../../picolibc/arm-zephyr-eabi/lib/thumb/v7e-m/nofp/libc.a(libc_string_strnlen.c.o)
                0x0000000000007dd2                strnlen
 .text.__ultoa_invert
                0x0000000000007dea       0xae /home/zuhdalfan/zephyr-sdk-0.17.2/arm-zephyr-eabi/bin/../lib/gcc/../../picolibc/arm-zephyr-eabi/lib/thumb/v7e-m/nofp/libc.a(libc_tinystdio_vflprintf.c.o)
 .text.__file_str_put
                0x0000000000007e98       0x10 /home/zuhdalfan/zephyr-sdk-0.17.2/arm-zephyr-eabi/bin/../lib/gcc/../../picolibc/arm-zephyr-eabi/lib/thumb/v7e-m/nofp/libc.a(libc_tinystdio_filestrput.c.o)
                0x0000000000007e98                __file_str_put
 *(SORT_BY_ALIGNMENT(.TEXT.*))
 .TEXT.__aeabi_read_tp
                0x0000000000007ea8        0xc zephyr/arch/arch/arm/core/cortex_m/libarch__arm__core__cortex_m.a(__aeabi_read_tp.S.obj)
                0x0000000000007ea8                __aeabi_read_tp
 *(SORT_BY_ALIGNMENT(.gnu.linkonce.t.*))
 *(SORT_BY_ALIGNMENT(.glue_7t))
 .glue_7t       0x0000000000007eb4        0x0 linker stubs
 *(SORT_BY_ALIGNMENT(.glue_7))
 .glue_7        0x0000000000007eb4        0x0 linker stubs
 *(SORT_BY_ALIGNMENT(.vfp11_veneer))
 .vfp11_veneer  0x0000000000007eb4        0x0 linker stubs
 *(SORT_BY_ALIGNMENT(.v4_bx))
 .v4_bx         0x0000000000007eb4        0x0 linker stubs
                0x0000000000007eb4                . = ALIGN (0x4)
                0x0000000000007eb4                __text_region_end = .

.ARM.exidx      0x0000000000007eb4        0x8
                0x0000000000007eb4                __exidx_start = .
 *(SORT_BY_ALIGNMENT(.ARM.exidx*) SORT_BY_ALIGNMENT(gnu.linkonce.armexidx.*))
 .ARM.exidx     0x0000000000007eb4        0x8 /home/zuhdalfan/zephyr-sdk-0.17.2/arm-zephyr-eabi/bin/../lib/gcc/../../picolibc/arm-zephyr-eabi/lib/thumb/v7e-m/nofp/libc.a(strlen.S.o)
 .ARM.exidx     0x0000000000007ebc        0x0 /home/zuhdalfan/zephyr-sdk-0.17.2/arm-zephyr-eabi/bin/../lib/gcc/arm-zephyr-eabi/12.2.0/thumb/v7e-m/nofp/libgcc.a(_udivmoddi4.o)
                                          0x8 (size before relaxing)
                0x0000000000007ebc                __exidx_end = .
                0x0000000000007ebc                __rodata_region_start = .

initlevel       0x0000000000007ebc       0x30
                0x0000000000007ebc                __init_start = .
                0x0000000000007ebc                __init_EARLY_start = .
 *(SORT_BY_NAME(SORT_BY_ALIGNMENT(.z_init_EARLY_P_?_*)))
 *(SORT_BY_NAME(SORT_BY_ALIGNMENT(.z_init_EARLY_P_??_*)))
 *(SORT_BY_NAME(SORT_BY_ALIGNMENT(.z_init_EARLY_P_???_*)))
                0x0000000000007ebc                __init_PRE_KERNEL_1_start = .
 *(SORT_BY_NAME(SORT_BY_ALIGNMENT(.z_init_PRE_KERNEL_1_P_?_*)))
 .z_init_PRE_KERNEL_1_P_0_SUB_0_
                0x0000000000007ebc        0x4 zephyr/soc/soc/nrf52840/libsoc__nordic.a(soc.c.obj)
 *(SORT_BY_NAME(SORT_BY_ALIGNMENT(.z_init_PRE_KERNEL_1_P_??_*)))
 .z_init_PRE_KERNEL_1_P_30_SUB_00077_
                0x0000000000007ec0        0x4 zephyr/drivers/clock_control/libdrivers__clock_control.a(clock_control_nrf.c.obj)
 .z_init_PRE_KERNEL_1_P_40_SUB_00011_
                0x0000000000007ec4        0x4 zephyr/drivers/gpio/libdrivers__gpio.a(gpio_nrfx.c.obj)
 .z_init_PRE_KERNEL_1_P_40_SUB_00106_
                0x0000000000007ec8        0x4 zephyr/drivers/gpio/libdrivers__gpio.a(gpio_nrfx.c.obj)
 .z_init_PRE_KERNEL_1_P_50_SUB_00114_
                0x0000000000007ecc        0x4 zephyr/drivers/serial/libdrivers__serial.a(uart_nrfx_uarte.c.obj)
 .z_init_PRE_KERNEL_1_P_60_SUB_0_
                0x0000000000007ed0        0x4 zephyr/drivers/console/libdrivers__console.a(uart_console.c.obj)
 *(SORT_BY_NAME(SORT_BY_ALIGNMENT(.z_init_PRE_KERNEL_1_P_???_*)))
                0x0000000000007ed4                __init_PRE_KERNEL_2_start = .
 *(SORT_BY_NAME(SORT_BY_ALIGNMENT(.z_init_PRE_KERNEL_2_P_?_*)))
 .z_init_PRE_KERNEL_2_P_0_SUB_0_
                0x0000000000007ed4        0x4 zephyr/drivers/timer/libdrivers__timer.a(nrf_rtc_timer.c.obj)
 *(SORT_BY_NAME(SORT_BY_ALIGNMENT(.z_init_PRE_KERNEL_2_P_??_*)))
 *(SORT_BY_NAME(SORT_BY_ALIGNMENT(.z_init_PRE_KERNEL_2_P_???_*)))
                0x0000000000007ed8                __init_POST_KERNEL_start = .
 *(SORT_BY_NAME(SORT_BY_ALIGNMENT(.z_init_POST_KERNEL_P_?_*)))
 .z_init_POST_KERNEL_P_0_SUB_0_
                0x0000000000007ed8        0x4 zephyr/libzephyr.a(log_core.c.obj)
 *(SORT_BY_NAME(SORT_BY_ALIGNMENT(.z_init_POST_KERNEL_P_??_*)))
 .z_init_POST_KERNEL_P_35_SUB_0_
                0x0000000000007edc        0x4 zephyr/lib/libc/common/liblib__libc__common.a(malloc.c.obj)
 .z_init_POST_KERNEL_P_50_SUB_00107_
                0x0000000000007ee0        0x4 zephyr/drivers/spi/libdrivers__spi.a(spi_nrfx_spim.c.obj)
 .z_init_POST_KERNEL_P_50_SUB_00137_
                0x0000000000007ee4        0x4 zephyr/drivers/spi/libdrivers__spi.a(spi_nrfx_spim.c.obj)
 .z_init_POST_KERNEL_P_70_SUB_00138_
                0x0000000000007ee8        0x4 modules/paw3395/drivers/paw3395/lib..__modules__paw3395__drivers__paw3395.a(paw3395.c.obj)
 *(SORT_BY_NAME(SORT_BY_ALIGNMENT(.z_init_POST_KERNEL_P_???_*)))
                0x0000000000007eec                __init_APPLICATION_start = .
 *(SORT_BY_NAME(SORT_BY_ALIGNMENT(.z_init_APPLICATION_P_?_*)))
 *(SORT_BY_NAME(SORT_BY_ALIGNMENT(.z_init_APPLICATION_P_??_*)))
 *(SORT_BY_NAME(SORT_BY_ALIGNMENT(.z_init_APPLICATION_P_???_*)))
                0x0000000000007eec                __init_SMP_start = .
 *(SORT_BY_NAME(SORT_BY_ALIGNMENT(.z_init_SMP_P_?_*)))
 *(SORT_BY_NAME(SORT_BY_ALIGNMENT(.z_init_SMP_P_??_*)))
 *(SORT_BY_NAME(SORT_BY_ALIGNMENT(.z_init_SMP_P_???_*)))
                0x0000000000007eec                __init_end = .

device_area     0x0000000000007eec       0xe0
                0x0000000000007eec                _device_list_start = .
 *(SORT_BY_NAME(SORT_BY_ALIGNMENT(._device.static.*_?_*)))
 *(SORT_BY_NAME(SORT_BY_ALIGNMENT(._device.static.*_??_*)))
 ._device.static.1_30_
                0x0000000000007eec       0x20 zephyr/drivers/clock_control/libdrivers__clock_control.a(clock_control_nrf.c.obj)
                0x0000000000007eec                __device_dts_ord_77
 ._device.static.1_40_
                0x0000000000007f0c       0x40 zephyr/drivers/gpio/libdrivers__gpio.a(gpio_nrfx.c.obj)
                0x0000000000007f0c                __device_dts_ord_106
                0x0000000000007f2c                __device_dts_ord_11
 ._device.static.1_50_
                0x0000000000007f4c       0x20 zephyr/drivers/serial/libdrivers__serial.a(uart_nrfx_uarte.c.obj)
                0x0000000000007f4c                __device_dts_ord_114
 ._device.static.3_50_
                0x0000000000007f6c       0x40 zephyr/drivers/spi/libdrivers__spi.a(spi_nrfx_spim.c.obj)
                0x0000000000007f6c                __device_dts_ord_107
                0x0000000000007f8c                __device_dts_ord_137
 ._device.static.3_70_
                0x0000000000007fac       0x20 modules/paw3395/drivers/paw3395/lib..__modules__paw3395__drivers__paw3395.a(paw3395.c.obj)
                0x0000000000007fac                __device_dts_ord_138
 *(SORT_BY_NAME(SORT_BY_ALIGNMENT(._device.static.*_???_*)))
 *(SORT_BY_NAME(SORT_BY_ALIGNMENT(._device.static.*_????_*)))
 *(SORT_BY_NAME(SORT_BY_ALIGNMENT(._device.static.*_?????_*)))
                0x0000000000007fcc                _device_list_end = .

service_area    0x0000000000007fcc       0x14
                0x0000000000007fcc                _service_list_start = .
 *(SORT_BY_NAME(SORT_BY_ALIGNMENT(._service.static.*_?_*)))
 ._service.static.1_0_
                0x0000000000007fcc        0x4 zephyr/soc/soc/nrf52840/libsoc__nordic.a(soc.c.obj)
 ._service.static.2_0_
                0x0000000000007fd0        0x4 zephyr/drivers/timer/libdrivers__timer.a(nrf_rtc_timer.c.obj)
 ._service.static.3_0_
                0x0000000000007fd4        0x4 zephyr/libzephyr.a(log_core.c.obj)
 *(SORT_BY_NAME(SORT_BY_ALIGNMENT(._service.static.*_??_*)))
 ._service.static.1_60_
                0x0000000000007fd8        0x4 zephyr/drivers/console/libdrivers__console.a(uart_console.c.obj)
 ._service.static.3_35_
                0x0000000000007fdc        0x4 zephyr/lib/libc/common/liblib__libc__common.a(malloc.c.obj)
 *(SORT_BY_NAME(SORT_BY_ALIGNMENT(._service.static.*_???_*)))
 *(SORT_BY_NAME(SORT_BY_ALIGNMENT(._service.static.*_????_*)))
 *(SORT_BY_NAME(SORT_BY_ALIGNMENT(._service.static.*_?????_*)))
                0x0000000000007fe0                _service_list_end = .

sw_isr_table    0x0000000000007fe0      0x180
                0x0000000000007fe0                . = ALIGN (0x4)
 *(SORT_BY_ALIGNMENT(.gnu.linkonce.sw_isr_table*))
 .gnu.linkonce.sw_isr_table
                0x0000000000007fe0      0x180 zephyr/arch/common/libisr_tables.a(isr_tables.c.obj)
                0x0000000000007fe0                _sw_isr_table

initlevel_error
                0x0000000000007ebc        0x0
 *(SORT_BY_NAME(SORT_BY_ALIGNMENT(.z_init_*)))
                0x0000000000000001                ASSERT ((SIZEOF (initlevel_error) == 0x0), Undefined initialization levels used.)

app_shmem_regions
                0x0000000000008160        0x0
                0x0000000000008160                __app_shmem_regions_start = .
 *(SORT_BY_NAME(SORT_BY_ALIGNMENT(.app_regions.*)))
                0x0000000000008160                __app_shmem_regions_end = .

k_p4wq_initparam_area
                0x0000000000008160        0x0
                0x0000000000008160                _k_p4wq_initparam_list_start = .
 *(SORT_BY_NAME(SORT_BY_ALIGNMENT(._k_p4wq_initparam.static.*)))
                0x0000000000008160                _k_p4wq_initparam_list_end = .

_static_thread_data_area
                0x0000000000008160        0x0
                0x0000000000008160                __static_thread_data_list_start = .
 *(SORT_BY_NAME(SORT_BY_ALIGNMENT(.__static_thread_data.static.*)))
                0x0000000000008160                __static_thread_data_list_end = .

device_deps     0x0000000000008160        0x0
                0x0000000000008160                __device_deps_start = .
 *(SORT_BY_NAME(SORT_BY_ALIGNMENT(.__device_deps_pass2*)))
                0x0000000000008160                __device_deps_end = .

gpio_driver_api_area
                0x0000000000008160       0x24
                0x0000000000008160                _gpio_driver_api_list_start = .
 *(SORT_BY_NAME(SORT_BY_ALIGNMENT(._gpio_driver_api.static.*)))
 ._gpio_driver_api.static.gpio_nrfx_drv_api_funcs_
                0x0000000000008160       0x24 zephyr/drivers/gpio/libdrivers__gpio.a(gpio_nrfx.c.obj)
                0x0000000000008184                _gpio_driver_api_list_end = .

spi_driver_api_area
                0x0000000000008184        0x8
                0x0000000000008184                _spi_driver_api_list_start = .
 *(SORT_BY_NAME(SORT_BY_ALIGNMENT(._spi_driver_api.static.*)))
 ._spi_driver_api.static.spi_nrfx_driver_api_
                0x0000000000008184        0x8 zephyr/drivers/spi/libdrivers__spi.a(spi_nrfx_spim.c.obj)
                0x000000000000818c                _spi_driver_api_list_end = .

shared_irq_driver_api_area
                0x000000000000818c        0x0
                0x000000000000818c                _shared_irq_driver_api_list_start = .
 *(SORT_BY_NAME(SORT_BY_ALIGNMENT(._shared_irq_driver_api.static.*)))
                0x000000000000818c                _shared_irq_driver_api_list_end = .

crypto_driver_api_area
                0x000000000000818c        0x0
                0x000000000000818c                _crypto_driver_api_list_start = .
 *(SORT_BY_NAME(SORT_BY_ALIGNMENT(._crypto_driver_api.static.*)))
                0x000000000000818c                _crypto_driver_api_list_end = .

adc_driver_api_area
                0x000000000000818c        0x0
                0x000000000000818c                _adc_driver_api_list_start = .
 *(SORT_BY_NAME(SORT_BY_ALIGNMENT(._adc_driver_api.static.*)))
                0x000000000000818c                _adc_driver_api_list_end = .

auxdisplay_driver_api_area
                0x000000000000818c        0x0
                0x000000000000818c                _auxdisplay_driver_api_list_start = .
 *(SORT_BY_NAME(SORT_BY_ALIGNMENT(._auxdisplay_driver_api.static.*)))
                0x000000000000818c                _auxdisplay_driver_api_list_end = .

bbram_driver_api_area
                0x000000000000818c        0x0
                0x000000000000818c                _bbram_driver_api_list_start = .
 *(SORT_BY_NAME(SORT_BY_ALIGNMENT(._bbram_driver_api.static.*)))
                0x000000000000818c                _bbram_driver_api_list_end = .

bt_hci_driver_api_area
                0x000000000000818c        0x0
                0x000000000000818c                _bt_hci_driver_api_list_start = .
 *(SORT_BY_NAME(SORT_BY_ALIGNMENT(._bt_hci_driver_api.static.*)))
                0x000000000000818c                _bt_hci_driver_api_list_end = .

can_driver_api_area
                0x000000000000818c        0x0
                0x000000000000818c                _can_driver_api_list_start = .
 *(SORT_BY_NAME(SORT_BY_ALIGNMENT(._can_driver_api.static.*)))
                0x000000000000818c                _can_driver_api_list_end = .

cellular_driver_api_area
                0x000000000000818c        0x0
                0x000000000000818c                _cellular_driver_api_list_start = .
 *(SORT_BY_NAME(SORT_BY_ALIGNMENT(._cellular_driver_api.static.*)))
                0x000000000000818c                _cellular_driver_api_list_end = .

charger_driver_api_area
                0x000000000000818c        0x0
                0x000000000000818c                _charger_driver_api_list_start = .
 *(SORT_BY_NAME(SORT_BY_ALIGNMENT(._charger_driver_api.static.*)))
                0x000000000000818c                _charger_driver_api_list_end = .

clock_control_driver_api_area
                0x000000000000818c       0x1c
                0x000000000000818c                _clock_control_driver_api_list_start = .
 *(SORT_BY_NAME(SORT_BY_ALIGNMENT(._clock_control_driver_api.static.*)))
 ._clock_control_driver_api.static.clock_control_api_
                0x000000000000818c       0x1c zephyr/drivers/clock_control/libdrivers__clock_control.a(clock_control_nrf.c.obj)
                0x00000000000081a8                _clock_control_driver_api_list_end = .

comparator_driver_api_area
                0x00000000000081a8        0x0
                0x00000000000081a8                _comparator_driver_api_list_start = .
 *(SORT_BY_NAME(SORT_BY_ALIGNMENT(._comparator_driver_api.static.*)))
                0x00000000000081a8                _comparator_driver_api_list_end = .

coredump_driver_api_area
                0x00000000000081a8        0x0
                0x00000000000081a8                _coredump_driver_api_list_start = .
 *(SORT_BY_NAME(SORT_BY_ALIGNMENT(._coredump_driver_api.static.*)))
                0x00000000000081a8                _coredump_driver_api_list_end = .

counter_driver_api_area
                0x00000000000081a8        0x0
                0x00000000000081a8                _counter_driver_api_list_start = .
 *(SORT_BY_NAME(SORT_BY_ALIGNMENT(._counter_driver_api.static.*)))
                0x00000000000081a8                _counter_driver_api_list_end = .

dac_driver_api_area
                0x00000000000081a8        0x0
                0x00000000000081a8                _dac_driver_api_list_start = .
 *(SORT_BY_NAME(SORT_BY_ALIGNMENT(._dac_driver_api.static.*)))
                0x00000000000081a8                _dac_driver_api_list_end = .

dai_driver_api_area
                0x00000000000081a8        0x0
                0x00000000000081a8                _dai_driver_api_list_start = .
 *(SORT_BY_NAME(SORT_BY_ALIGNMENT(._dai_driver_api.static.*)))
                0x00000000000081a8                _dai_driver_api_list_end = .

display_driver_api_area
                0x00000000000081a8        0x0
                0x00000000000081a8                _display_driver_api_list_start = .
 *(SORT_BY_NAME(SORT_BY_ALIGNMENT(._display_driver_api.static.*)))
                0x00000000000081a8                _display_driver_api_list_end = .

dma_driver_api_area
                0x00000000000081a8        0x0
                0x00000000000081a8                _dma_driver_api_list_start = .
 *(SORT_BY_NAME(SORT_BY_ALIGNMENT(._dma_driver_api.static.*)))
                0x00000000000081a8                _dma_driver_api_list_end = .

edac_driver_api_area
                0x00000000000081a8        0x0
                0x00000000000081a8                _edac_driver_api_list_start = .
 *(SORT_BY_NAME(SORT_BY_ALIGNMENT(._edac_driver_api.static.*)))
                0x00000000000081a8                _edac_driver_api_list_end = .

eeprom_driver_api_area
                0x00000000000081a8        0x0
                0x00000000000081a8                _eeprom_driver_api_list_start = .
 *(SORT_BY_NAME(SORT_BY_ALIGNMENT(._eeprom_driver_api.static.*)))
                0x00000000000081a8                _eeprom_driver_api_list_end = .

emul_bbram_driver_api_area
                0x00000000000081a8        0x0
                0x00000000000081a8                _emul_bbram_driver_api_list_start = .
 *(SORT_BY_NAME(SORT_BY_ALIGNMENT(._emul_bbram_driver_api.static.*)))
                0x00000000000081a8                _emul_bbram_driver_api_list_end = .

fuel_gauge_emul_driver_api_area
                0x00000000000081a8        0x0
                0x00000000000081a8                _fuel_gauge_emul_driver_api_list_start = .
 *(SORT_BY_NAME(SORT_BY_ALIGNMENT(._fuel_gauge_emul_driver_api.static.*)))
                0x00000000000081a8                _fuel_gauge_emul_driver_api_list_end = .

emul_sensor_driver_api_area
                0x00000000000081a8        0x0
                0x00000000000081a8                _emul_sensor_driver_api_list_start = .
 *(SORT_BY_NAME(SORT_BY_ALIGNMENT(._emul_sensor_driver_api.static.*)))
                0x00000000000081a8                _emul_sensor_driver_api_list_end = .

entropy_driver_api_area
                0x00000000000081a8        0x0
                0x00000000000081a8                _entropy_driver_api_list_start = .
 *(SORT_BY_NAME(SORT_BY_ALIGNMENT(._entropy_driver_api.static.*)))
                0x00000000000081a8                _entropy_driver_api_list_end = .

espi_driver_api_area
                0x00000000000081a8        0x0
                0x00000000000081a8                _espi_driver_api_list_start = .
 *(SORT_BY_NAME(SORT_BY_ALIGNMENT(._espi_driver_api.static.*)))
                0x00000000000081a8                _espi_driver_api_list_end = .

espi_saf_driver_api_area
                0x00000000000081a8        0x0
                0x00000000000081a8                _espi_saf_driver_api_list_start = .
 *(SORT_BY_NAME(SORT_BY_ALIGNMENT(._espi_saf_driver_api.static.*)))
                0x00000000000081a8                _espi_saf_driver_api_list_end = .

flash_driver_api_area
                0x00000000000081a8        0x0
                0x00000000000081a8                _flash_driver_api_list_start = .
 *(SORT_BY_NAME(SORT_BY_ALIGNMENT(._flash_driver_api.static.*)))
                0x00000000000081a8                _flash_driver_api_list_end = .

fpga_driver_api_area
                0x00000000000081a8        0x0
                0x00000000000081a8                _fpga_driver_api_list_start = .
 *(SORT_BY_NAME(SORT_BY_ALIGNMENT(._fpga_driver_api.static.*)))
                0x00000000000081a8                _fpga_driver_api_list_end = .

fuel_gauge_driver_api_area
                0x00000000000081a8        0x0
                0x00000000000081a8                _fuel_gauge_driver_api_list_start = .
 *(SORT_BY_NAME(SORT_BY_ALIGNMENT(._fuel_gauge_driver_api.static.*)))
                0x00000000000081a8                _fuel_gauge_driver_api_list_end = .

gnss_driver_api_area
                0x00000000000081a8        0x0
                0x00000000000081a8                _gnss_driver_api_list_start = .
 *(SORT_BY_NAME(SORT_BY_ALIGNMENT(._gnss_driver_api.static.*)))
                0x00000000000081a8                _gnss_driver_api_list_end = .

haptics_driver_api_area
                0x00000000000081a8        0x0
                0x00000000000081a8                _haptics_driver_api_list_start = .
 *(SORT_BY_NAME(SORT_BY_ALIGNMENT(._haptics_driver_api.static.*)))
                0x00000000000081a8                _haptics_driver_api_list_end = .

hwspinlock_driver_api_area
                0x00000000000081a8        0x0
                0x00000000000081a8                _hwspinlock_driver_api_list_start = .
 *(SORT_BY_NAME(SORT_BY_ALIGNMENT(._hwspinlock_driver_api.static.*)))
                0x00000000000081a8                _hwspinlock_driver_api_list_end = .

i2c_driver_api_area
                0x00000000000081a8        0x0
                0x00000000000081a8                _i2c_driver_api_list_start = .
 *(SORT_BY_NAME(SORT_BY_ALIGNMENT(._i2c_driver_api.static.*)))
                0x00000000000081a8                _i2c_driver_api_list_end = .

i2c_target_driver_api_area
                0x00000000000081a8        0x0
                0x00000000000081a8                _i2c_target_driver_api_list_start = .
 *(SORT_BY_NAME(SORT_BY_ALIGNMENT(._i2c_target_driver_api.static.*)))
                0x00000000000081a8                _i2c_target_driver_api_list_end = .

i2s_driver_api_area
                0x00000000000081a8        0x0
                0x00000000000081a8                _i2s_driver_api_list_start = .
 *(SORT_BY_NAME(SORT_BY_ALIGNMENT(._i2s_driver_api.static.*)))
                0x00000000000081a8                _i2s_driver_api_list_end = .

i3c_driver_api_area
                0x00000000000081a8        0x0
                0x00000000000081a8                _i3c_driver_api_list_start = .
 *(SORT_BY_NAME(SORT_BY_ALIGNMENT(._i3c_driver_api.static.*)))
                0x00000000000081a8                _i3c_driver_api_list_end = .

ipm_driver_api_area
                0x00000000000081a8        0x0
                0x00000000000081a8                _ipm_driver_api_list_start = .
 *(SORT_BY_NAME(SORT_BY_ALIGNMENT(._ipm_driver_api.static.*)))
                0x00000000000081a8                _ipm_driver_api_list_end = .

led_driver_api_area
                0x00000000000081a8        0x0
                0x00000000000081a8                _led_driver_api_list_start = .
 *(SORT_BY_NAME(SORT_BY_ALIGNMENT(._led_driver_api.static.*)))
                0x00000000000081a8                _led_driver_api_list_end = .

led_strip_driver_api_area
                0x00000000000081a8        0x0
                0x00000000000081a8                _led_strip_driver_api_list_start = .
 *(SORT_BY_NAME(SORT_BY_ALIGNMENT(._led_strip_driver_api.static.*)))
                0x00000000000081a8                _led_strip_driver_api_list_end = .

lora_driver_api_area
                0x00000000000081a8        0x0
                0x00000000000081a8                _lora_driver_api_list_start = .
 *(SORT_BY_NAME(SORT_BY_ALIGNMENT(._lora_driver_api.static.*)))
                0x00000000000081a8                _lora_driver_api_list_end = .

mbox_driver_api_area
                0x00000000000081a8        0x0
                0x00000000000081a8                _mbox_driver_api_list_start = .
 *(SORT_BY_NAME(SORT_BY_ALIGNMENT(._mbox_driver_api.static.*)))
                0x00000000000081a8                _mbox_driver_api_list_end = .

mdio_driver_api_area
                0x00000000000081a8        0x0
                0x00000000000081a8                _mdio_driver_api_list_start = .
 *(SORT_BY_NAME(SORT_BY_ALIGNMENT(._mdio_driver_api.static.*)))
                0x00000000000081a8                _mdio_driver_api_list_end = .

mipi_dbi_driver_api_area
                0x00000000000081a8        0x0
                0x00000000000081a8                _mipi_dbi_driver_api_list_start = .
 *(SORT_BY_NAME(SORT_BY_ALIGNMENT(._mipi_dbi_driver_api.static.*)))
                0x00000000000081a8                _mipi_dbi_driver_api_list_end = .

mipi_dsi_driver_api_area
                0x00000000000081a8        0x0
                0x00000000000081a8                _mipi_dsi_driver_api_list_start = .
 *(SORT_BY_NAME(SORT_BY_ALIGNMENT(._mipi_dsi_driver_api.static.*)))
                0x00000000000081a8                _mipi_dsi_driver_api_list_end = .

mspi_driver_api_area
                0x00000000000081a8        0x0
                0x00000000000081a8                _mspi_driver_api_list_start = .
 *(SORT_BY_NAME(SORT_BY_ALIGNMENT(._mspi_driver_api.static.*)))
                0x00000000000081a8                _mspi_driver_api_list_end = .

peci_driver_api_area
                0x00000000000081a8        0x0
                0x00000000000081a8                _peci_driver_api_list_start = .
 *(SORT_BY_NAME(SORT_BY_ALIGNMENT(._peci_driver_api.static.*)))
                0x00000000000081a8                _peci_driver_api_list_end = .

ps2_driver_api_area
                0x00000000000081a8        0x0
                0x00000000000081a8                _ps2_driver_api_list_start = .
 *(SORT_BY_NAME(SORT_BY_ALIGNMENT(._ps2_driver_api.static.*)))
                0x00000000000081a8                _ps2_driver_api_list_end = .

ptp_clock_driver_api_area
                0x00000000000081a8        0x0
                0x00000000000081a8                _ptp_clock_driver_api_list_start = .
 *(SORT_BY_NAME(SORT_BY_ALIGNMENT(._ptp_clock_driver_api.static.*)))
                0x00000000000081a8                _ptp_clock_driver_api_list_end = .

pwm_driver_api_area
                0x00000000000081a8        0x0
                0x00000000000081a8                _pwm_driver_api_list_start = .
 *(SORT_BY_NAME(SORT_BY_ALIGNMENT(._pwm_driver_api.static.*)))
                0x00000000000081a8                _pwm_driver_api_list_end = .

regulator_parent_driver_api_area
                0x00000000000081a8        0x0
                0x00000000000081a8                _regulator_parent_driver_api_list_start = .
 *(SORT_BY_NAME(SORT_BY_ALIGNMENT(._regulator_parent_driver_api.static.*)))
                0x00000000000081a8                _regulator_parent_driver_api_list_end = .

regulator_driver_api_area
                0x00000000000081a8        0x0
                0x00000000000081a8                _regulator_driver_api_list_start = .
 *(SORT_BY_NAME(SORT_BY_ALIGNMENT(._regulator_driver_api.static.*)))
                0x00000000000081a8                _regulator_driver_api_list_end = .

reset_driver_api_area
                0x00000000000081a8        0x0
                0x00000000000081a8                _reset_driver_api_list_start = .
 *(SORT_BY_NAME(SORT_BY_ALIGNMENT(._reset_driver_api.static.*)))
                0x00000000000081a8                _reset_driver_api_list_end = .

retained_mem_driver_api_area
                0x00000000000081a8        0x0
                0x00000000000081a8                _retained_mem_driver_api_list_start = .
 *(SORT_BY_NAME(SORT_BY_ALIGNMENT(._retained_mem_driver_api.static.*)))
                0x00000000000081a8                _retained_mem_driver_api_list_end = .

rtc_driver_api_area
                0x00000000000081a8        0x0
                0x00000000000081a8                _rtc_driver_api_list_start = .
 *(SORT_BY_NAME(SORT_BY_ALIGNMENT(._rtc_driver_api.static.*)))
                0x00000000000081a8                _rtc_driver_api_list_end = .

sdhc_driver_api_area
                0x00000000000081a8        0x0
                0x00000000000081a8                _sdhc_driver_api_list_start = .
 *(SORT_BY_NAME(SORT_BY_ALIGNMENT(._sdhc_driver_api.static.*)))
                0x00000000000081a8                _sdhc_driver_api_list_end = .

sensor_driver_api_area
                0x00000000000081a8        0x0
                0x00000000000081a8                _sensor_driver_api_list_start = .
 *(SORT_BY_NAME(SORT_BY_ALIGNMENT(._sensor_driver_api.static.*)))
                0x00000000000081a8                _sensor_driver_api_list_end = .

smbus_driver_api_area
                0x00000000000081a8        0x0
                0x00000000000081a8                _smbus_driver_api_list_start = .
 *(SORT_BY_NAME(SORT_BY_ALIGNMENT(._smbus_driver_api.static.*)))
                0x00000000000081a8                _smbus_driver_api_list_end = .

stepper_driver_api_area
                0x00000000000081a8        0x0
                0x00000000000081a8                _stepper_driver_api_list_start = .
 *(SORT_BY_NAME(SORT_BY_ALIGNMENT(._stepper_driver_api.static.*)))
                0x00000000000081a8                _stepper_driver_api_list_end = .

syscon_driver_api_area
                0x00000000000081a8        0x0
                0x00000000000081a8                _syscon_driver_api_list_start = .
 *(SORT_BY_NAME(SORT_BY_ALIGNMENT(._syscon_driver_api.static.*)))
                0x00000000000081a8                _syscon_driver_api_list_end = .

tee_driver_api_area
                0x00000000000081a8        0x0
                0x00000000000081a8                _tee_driver_api_list_start = .
 *(SORT_BY_NAME(SORT_BY_ALIGNMENT(._tee_driver_api.static.*)))
                0x00000000000081a8                _tee_driver_api_list_end = .

video_driver_api_area
                0x00000000000081a8        0x0
                0x00000000000081a8                _video_driver_api_list_start = .
 *(SORT_BY_NAME(SORT_BY_ALIGNMENT(._video_driver_api.static.*)))
                0x00000000000081a8                _video_driver_api_list_end = .

virtio_driver_api_area
                0x00000000000081a8        0x0
                0x00000000000081a8                _virtio_driver_api_list_start = .
 *(SORT_BY_NAME(SORT_BY_ALIGNMENT(._virtio_driver_api.static.*)))
                0x00000000000081a8                _virtio_driver_api_list_end = .

w1_driver_api_area
                0x00000000000081a8        0x0